 ----------------------------------------------------------------------------------------------------------------------------------------------------------------------------------------------------------------------------------------------------------
                     SPECIFIC HEAT COEFFICIENTS                                                                     

             Cp = A + B*T + C*T^2 + D*T^3 + E*T^4  [J/kg/K]                                                         

    Species                      Cp(298K)         Cp(1000K)          LT-HT            A(LT)            B(LT)            C(LT)            D(LT)            E(LT)             A(HT)           B(HT)            C(HT)            D(HT)           E(HT)      
 ----------------------------------------------------------------------------------------------------------------------------------------------------------------------------------------------------------------------------------------------------------

    1. N2                       1.039626e+03     1.166660e+03     1.000000e+03     1.047991e+03    -3.670217e-02    -1.492886e-04     7.227908e-07    -4.181308e-10     8.763149e+02     4.145954e-01    -1.462114e-04     2.332852e-08    -1.367506e-12
    2. AR                       5.203303e+02     5.203303e+02     1.000000e+03     5.203303e+02     0.000000e+00     0.000000e+00     0.000000e+00     0.000000e+00     5.203303e+02     0.000000e+00     0.000000e+00     0.000000e+00     0.000000e+00
    3. O                        1.369608e+03     1.307846e+03     1.000000e+03     1.646505e+03    -1.704217e+00     3.452310e-03    -3.184673e-06     1.097920e-09     1.321893e+03    -1.419588e-02    -2.177639e-06     2.574952e-09    -2.492175e-13
    4. O2                       9.181008e+02     1.090161e+03     1.000000e+03     9.828455e+02    -7.786810e-01     2.558754e-03    -2.515619e-06     8.428607e-10     9.512757e+02     1.705521e-01    -3.667673e-05     5.347512e-09    -3.375707e-13
    5. H                        2.062119e+04     2.062119e+04     1.000000e+03     2.062119e+04     0.000000e+00     0.000000e+00     0.000000e+00     0.000000e+00     2.062119e+04     0.000000e+00     0.000000e+00     0.000000e+00     0.000000e+00
    6. H2                       1.430289e+04     1.496170e+04     1.000000e+03     9.668461e+03     3.291316e+01    -8.033155e-02     8.313211e-05    -3.042049e-08     1.209569e+04     3.409086e+00    -6.037907e-04     6.355388e-08    -2.840759e-12
    7. OH                       1.763220e+03     1.804640e+03     1.000000e+03     2.016799e+03    -1.576873e+00     3.191267e-03    -2.834816e-06     1.008263e-09     1.400522e+03     5.165089e-01    -1.266616e-04     1.492167e-08    -6.511743e-13
    8. HO2                      1.057090e+03     1.442631e+03     1.000000e+03     1.083653e+03    -1.196314e+00     5.329849e-03    -6.115299e-06     2.340742e-09     1.051025e+03     4.738910e-01    -8.723383e-05     4.904267e-09     4.435879e-14
    9. H2O                      1.864380e+03     2.292242e+03     1.000000e+03     1.937796e+03    -9.398604e-01     3.009333e-03    -2.532843e-06     8.178163e-10     1.235534e+03     1.372212e+00    -3.571175e-04     4.358390e-08    -1.970271e-12
   10. H2O2                     1.246012e+03     1.836819e+03     1.000000e+03     1.045263e+03    -1.326888e-01     4.090393e-03    -5.274353e-06     2.108204e-09     1.117917e+03     9.899526e-01    -3.165027e-04     4.822401e-08    -2.772046e-12
   11. CO                       1.040366e+03     1.183965e+03     1.000000e+03     1.062545e+03    -1.811768e-01     3.018302e-04     2.692348e-07    -2.684685e-10     9.049097e+02     4.012457e-01    -1.442027e-04     2.340684e-08    -1.394572e-12
   12. CO2                      8.436543e+02     1.234312e+03     1.000000e+03     4.452642e+02     1.697339e+00    -1.345546e-03     4.642490e-07    -2.699484e-11     8.759594e+02     5.179336e-01    -1.881514e-04     3.030128e-08    -1.730941e-12
   13. CH                       2.240942e+03     2.478401e+03     1.000000e+03     2.228739e+03     2.068145e-01    -1.078658e-03     2.019492e-06    -8.979866e-10     1.838305e+03     6.200649e-01     9.224886e-05    -8.346257e-08     1.124514e-11
   14. CH2                      2.496057e+03     3.178875e+03     1.000000e+03     2.230317e+03     5.742961e-01     1.656668e-03    -2.282616e-06     1.000211e-09     1.703615e+03     2.167316e+00    -8.351485e-04     1.542206e-07    -1.112750e-11
   15. CH2s                     2.408215e+03     3.153378e+03     1.000000e+03     2.488710e+03    -1.402803e+00     4.880064e-03    -3.964387e-06     1.151795e-09     1.358599e+03     2.759763e+00    -1.192559e-03     2.477125e-07    -2.013659e-11
   16. CH3                      2.554859e+03     3.920695e+03     1.000000e+03     2.022446e+03     1.176024e+00     3.018528e-03    -3.659857e-06     1.363554e-09     1.646922e+03     3.206254e+00    -1.092510e-03     1.699379e-07    -9.908459e-12
   17. CH4                      2.224357e+03     4.588704e+03     1.000000e+03     2.668982e+03    -7.085151e+00     2.548815e-02    -2.512240e-05     8.639122e-09     8.475774e+02     5.226368e+00    -1.746144e-03     2.772556e-07    -1.635260e-11
   18. CH2OH                    1.603162e+03     2.497234e+03     1.000000e+03     1.269552e+03     3.406065e-01     3.911705e-03    -4.920685e-06     1.896055e-09     1.265625e+03     1.743676e+00    -6.007734e-04     9.423704e-08    -5.530420e-12
   19. CH3OH                    1.339083e+03     2.791930e+03     1.000000e+03     1.468306e+03    -4.229198e+00     1.795485e-02    -1.967874e-05     7.276713e-09     9.152780e+02     2.677349e+00    -9.416577e-04     1.498399e-07    -8.879173e-12
   20. HCO                      1.191976e+03     1.656269e+03     1.000000e+03     1.209487e+03    -9.294746e-01     3.948337e-03    -3.814948e-06     1.242868e-09     1.045529e+03     8.827657e-01    -3.221428e-04     5.338244e-08    -3.265036e-12
   21. C2H                      1.485706e+03     2.035439e+03     1.000000e+03     9.094102e+02     2.673532e+00    -3.070774e-03     2.167560e-06    -6.442894e-10     1.324191e+03     1.044082e+00    -4.209526e-04     9.714145e-08    -9.023068e-12
   22. C2H2                     1.689430e+03     2.608073e+03     1.000000e+03     2.582283e+02     7.459822e+00    -1.134136e-02     8.945836e-06    -2.714456e-09     1.324403e+03     1.903681e+00    -7.577307e-04     1.492542e-07    -1.153497e-11
   23. C2H3                     1.613110e+03     3.005075e+03     1.000000e+03     9.228605e+02     9.316143e-01     7.514654e-03    -1.100876e-05     4.644706e-09     1.445649e+03     2.233164e+00    -7.932030e-04     1.270255e-07    -7.559899e-12
   24. C2H4                     1.528235e+03     3.354139e+03     1.000000e+03     1.173402e+03    -2.243702e+00     1.692264e-02    -2.049686e-05     7.998658e-09     6.034494e+02     4.340513e+00    -1.988897e-03     4.363297e-07    -3.725595e-11
   25. C2H5                     1.736581e+03     3.711324e+03     1.000000e+03     1.232054e+03    -1.197758e+00     1.422295e-02    -1.714065e-05     6.594723e-09     5.592154e+02     4.977254e+00    -2.283621e-03     5.012872e-07    -4.281155e-11
   26. C2H6                     1.745360e+03     4.079993e+03     1.000000e+03     1.186594e+03    -1.521196e+00     1.657468e-02    -1.958935e-05     7.429257e-09     2.963791e+02     5.996054e+00    -2.772116e-03     6.122121e-07    -5.253648e-11
   27. HCCO                     1.179838e+03     1.699646e+03     1.000000e+03     4.731865e+02     3.447067e+00    -4.462089e-03     3.122092e-06    -8.806107e-10     1.184865e+03     7.377611e-01    -2.626122e-04     4.214463e-08    -2.512845e-12
   28. HCCOH                    1.365227e+03     2.029703e+03     1.000000e+03     3.887382e+02     5.060476e+00    -7.668945e-03     6.243478e-06    -1.994045e-09     1.259131e+03     1.088606e+00    -3.728701e-04     5.824181e-08    -3.405652e-12
   29. CH2CO                    1.230601e+03     2.015375e+03     1.000000e+03     4.232918e+02     3.577683e+00    -3.426542e-03     1.834840e-06    -3.938973e-10     1.138828e+03     1.255892e+00    -4.466951e-04     7.161641e-08    -4.266120e-12
   30. CH3HCO                   1.255397e+03     2.556187e+03     1.000000e+03     8.926273e+02    -6.026934e-01     8.971632e-03    -1.084461e-05     4.139228e-09     1.019959e+03     2.212583e+00    -7.976648e-04     1.290446e-07    -7.735389e-12
   31. C3H2                     1.638857e+03     2.170937e+03     1.000000e+03     6.919899e+02     5.424913e+00    -1.003364e-02     9.326469e-06    -3.238797e-09     1.676262e+03     6.006563e-01    -9.551379e-05    -1.410677e-08     3.635924e-12
   32. H2CCCH                   1.661010e+03     2.658109e+03     1.000000e+03     2.876244e+02     6.969937e+00    -1.008684e-02     8.010891e-06    -2.523502e-09     1.520437e+03     1.621939e+00    -5.693693e-04     9.045595e-08    -5.353414e-12
   33. C3H4                     1.469119e+03     2.923069e+03     1.000000e+03     5.422703e+02     2.515729e+00     3.847476e-03    -7.164808e-06     3.182402e-09     1.310905e+03     2.310519e+00    -8.224060e-04     1.319113e-07    -7.860096e-12
   34. C3H4P                    1.510432e+03     2.913525e+03     1.400000e+03     6.287427e+02     3.110709e+00    -2.902228e-04    -8.237925e-07     2.880888e-10     2.027119e+03     1.083101e+00    -7.788679e-05    -6.209524e-08     1.060009e-11
   35. CH2CHCH2                 1.629960e+03     3.350552e+03     1.000000e+03     4.608321e+02     4.019404e+00     2.275008e-04    -2.053820e-06     6.966355e-10     1.953774e+03     1.634754e+00    -1.612451e-04    -9.414466e-08     1.741573e-11
   36. H2CCCCH                  1.654532e+03     2.534157e+03     1.000000e+03     1.065732e+03     2.022897e+00     9.122701e-05    -9.168150e-07     2.711168e-10     1.842065e+03     8.164047e-01    -8.711145e-05    -4.599931e-08     8.797164e-12
   37. CH2CHCCH                 1.385943e+03     2.667373e+03     1.000000e+03     5.163239e+02     2.978674e+00     2.028195e-04    -1.502417e-06     4.719731e-10     1.708008e+03     1.114749e+00    -1.048608e-04    -6.202026e-08     1.149704e-11
   38. CH2CHCHCH                1.521116e+03     3.065319e+03     1.000000e+03     4.691397e+02     3.584372e+00     3.094149e-04    -1.798478e-06     5.008701e-10     2.015176e+03     1.244157e+00    -1.351150e-04    -7.292047e-08     1.402001e-11
   39. CH2CHCCH2                1.530465e+03     2.945871e+03     1.000000e+03     6.076310e+02     3.128909e+00     2.933301e-04    -1.457733e-06     3.737335e-10     1.879190e+03     1.251552e+00    -1.268404e-04    -7.155934e-08     1.352785e-11
   40. CH2CHCHCH2               1.469604e+03     3.134437e+03     1.000000e+03    -3.890237e+02     8.281828e+00    -7.952834e-03     3.859219e-06    -6.647521e-10     1.096095e+03     3.172579e+00    -1.433174e-03     3.300618e-07    -3.168511e-11
   41. CH3CCCH2                 1.547722e+03     2.892282e+03     1.000000e+03     7.938632e+02     2.461802e+00     4.650258e-04    -7.816677e-07    -4.674142e-11     1.811417e+03     1.257773e+00    -1.198121e-04    -7.011524e-08     1.302093e-11
   42. CH2O                     1.178406e+03     2.064666e+03     1.000000e+03     1.327418e+03    -2.743654e+00     1.033464e-02    -1.050257e-05     3.648831e-09     8.776570e+02     1.714972e+00    -6.232103e-04     1.013437e-07    -6.096260e-12
   43. C5H5                     1.176195e+03     2.748913e+03     1.000000e+03    -1.224949e+02     4.010251e+00     3.413413e-03    -8.805856e-06     4.253600e-09     1.385093e+03     1.966097e+00    -7.105569e-04     1.151973e-07    -6.917323e-12
   44. C5H6                     1.139541e+03     2.903444e+03     1.000000e+03     1.083082e+02     1.862057e+00     9.069886e-03    -1.426105e-05     6.124245e-09     1.254758e+03     2.377947e+00    -8.604821e-04     1.396080e-07    -8.387067e-12
   45. A1-                      9.936152e+02     2.462385e+03     1.000000e+03     2.267770e+01     2.207803e+00     6.359292e-03    -1.094860e-05     4.821211e-09     1.169377e+03     1.867778e+00    -6.785122e-04     1.103872e-07    -6.644764e-12
   46. A1                       1.040866e+03     2.685601e+03     1.000000e+03    -5.215425e+02     6.365856e+00    -3.907425e-03     3.484891e-07     4.002242e-10     1.835772e+03     4.089446e-01     8.810711e-04    -5.211427e-07     8.096318e-11
   47. C6H5CH2                  1.196863e+03     2.764929e+03     1.000000e+03     4.389426e+01     3.513694e+00     2.998098e-03    -7.022558e-06     3.231801e-09     1.281294e+03     2.143449e+00    -7.789168e-04     1.267322e-07    -7.628509e-12
   48. C6H5CH3                  1.119679e+03     2.925641e+03     1.000000e+03    -3.679836e+02     6.181186e+00    -4.511815e-03     1.804726e-06    -1.804726e-10    -3.679836e+02     6.181186e+00    -4.511815e-03     1.804726e-06    -1.804726e-10
   49. C6H5O                    1.048655e+03     2.304758e+03     1.000000e+03    -4.163299e+01     3.692137e+00     1.182474e-03    -5.115868e-06     2.587648e-09     1.225417e+03     1.560006e+00    -5.675182e-04     9.242070e-08    -5.567180e-12
   50. C6H5OH                   1.100245e+03     2.470380e+03     1.000000e+03    -1.498034e+02     4.617935e+00    -6.363002e-04    -3.168035e-06     1.806584e-09     1.317415e+03     1.623626e+00    -5.475932e-04     8.126306e-08    -4.347445e-12
   51. C6H5C3H2                 1.123123e+03     2.574074e+03     1.000000e+03    -2.888677e+02     5.972685e+00    -4.671114e-03     1.864164e-06    -3.027934e-10     1.545861e+03     1.556509e+00    -5.483813e-04     8.685049e-08    -5.109535e-12
   52. P2-                      1.004090e+03     2.500134e+03     1.000000e+03    -6.431653e+02     7.351028e+00    -7.223917e-03     4.003532e-06    -9.873439e-10     2.426536e+03    -1.240181e+00     2.122093e-03    -9.417077e-07     1.333936e-10
   53. P2                       1.027983e+03     2.588165e+03     1.000000e+03    -5.544287e+02     6.701036e+00    -5.175391e-03     1.741199e-06    -1.242502e-10     2.736867e+03    -1.860179e+00     2.711609e-03    -1.162402e-06     1.622714e-10
   54. A1C2H                    1.132595e+03     2.516174e+03     1.000000e+03    -7.101412e+01     4.220045e+00     5.379274e-04    -4.554732e-06     2.383948e-09     1.273031e+03     1.796498e+00    -6.533068e-04     1.063568e-07    -6.404949e-12
   55. A1C2HP2                  1.168417e+03     2.410439e+03     1.000000e+03    -4.980476e+02     8.013798e+00    -9.977282e-03     6.779985e-06    -1.908014e-09     2.620836e+03    -1.643661e+00     2.254627e-03    -9.538623e-07     1.324959e-10
   56. A2-1                     9.924770e+02     2.449773e+03     1.000000e+03    -5.576317e+02     6.757045e+00    -6.010159e-03     2.821099e-06    -5.605795e-10     2.509449e+03    -1.514098e+00     2.319732e-03    -1.006597e-06     1.412860e-10
   57. A2                       1.028628e+03     2.560185e+03     1.000000e+03    -6.130406e+02     7.224962e+00    -6.711085e-03     3.425085e-06    -7.657369e-10     2.365668e+03    -1.000242e+00     1.956438e-03    -8.887070e-07     1.270303e-10
   58. A2C2HA                   1.082728e+03     2.466825e+03     1.000000e+03    -6.299081e+02     8.053240e+00    -9.452265e-03     6.282659e-06    -1.786902e-09     2.701653e+03    -1.849613e+00     2.540600e-03    -1.075183e-06     1.493625e-10
   59. A2C2HP2                  1.160337e+03     2.413475e+03     1.000000e+03    -2.973886e+02     6.485607e+00    -6.159944e-03     2.865444e-06    -4.802430e-10     1.116867e+03     1.988145e+00    -8.302593e-04     1.466501e-07    -7.929175e-12
   60. A2R5                     9.989905e+02     2.442728e+03     1.000000e+03    -5.299741e+02     6.566221e+00    -5.403324e-03     2.034468e-06    -2.246634e-10     2.506625e+03    -1.487405e+00     2.270931e-03    -9.859121e-07     1.384946e-10
   61. A2R5-                    1.026158e+03     2.361734e+03     1.000000e+03    -4.035489e+02     6.157469e+00    -5.130020e-03     1.972441e-06    -2.346065e-10     6.573691e+02     2.880930e+00    -1.523078e-03     3.841806e-07    -3.766764e-11
   62. IND                      1.112778e+03     2.588284e+03     1.000000e+03    -1.927711e+02     4.489341e+00     1.087874e-03    -5.750607e-06     2.954446e-09     1.339712e+03     1.807591e+00    -6.603448e-04     1.078330e-07    -6.507817e-12
   63. A3-4                     1.001023e+03     2.427337e+03     1.000000e+03    -5.285672e+02     6.669760e+00    -5.926553e-03     2.737403e-06    -5.247046e-10     2.617305e+03    -1.779494e+00     2.511241e-03    -1.071094e-06     1.493814e-10
   64. A3                       1.022876e+03     2.504622e+03     1.000000e+03    -5.726287e+02     7.012418e+00    -6.466877e-03     3.236366e-06    -7.046560e-10     2.608455e+03    -1.644531e+00     2.450149e-03    -1.057659e-06     1.482070e-10
   65. A3C2H                    1.071937e+03     2.442048e+03     1.000000e+03    -4.769698e+02     6.916274e+00    -6.754979e-03     3.551553e-06    -7.938305e-10     2.144436e+03    -5.425234e-01     1.412206e-03    -6.694081e-07     9.733434e-11
   66. A4-                      9.661085e+02     2.348694e+03     1.000000e+03    -3.976877e+02     5.530077e+00    -3.206038e-03    -1.500979e-07     5.724402e-10     9.125886e+02     2.204352e+00    -9.225502e-04     1.631081e-07    -8.805434e-12
   67. A4                       1.000531e+03     2.427380e+03     1.000000e+03    -5.656236e+02     6.894856e+00    -6.371884e-03     3.114369e-06    -6.443381e-10     2.385009e+03    -1.198932e+00     2.003156e-03    -8.876862e-07     1.258326e-10
   68. BINi-01                  1.000478e+03     2.427251e+03     1.000000e+03    -5.655935e+02     6.894490e+00    -6.371545e-03     3.114204e-06    -6.443039e-10     2.384883e+03    -1.198868e+00     2.003050e-03    -8.876390e-07     1.258259e-10
   69. BINi-02                  1.000505e+03     2.427318e+03     1.000000e+03    -5.656091e+02     6.894680e+00    -6.371721e-03     3.114290e-06    -6.443217e-10     2.384948e+03    -1.198901e+00     2.003105e-03    -8.876635e-07     1.258293e-10
   70. BINi-03                  1.000519e+03     2.427352e+03     1.000000e+03    -5.656169e+02     6.894775e+00    -6.371809e-03     3.114333e-06    -6.443306e-10     2.384981e+03    -1.198918e+00     2.003132e-03    -8.876757e-07     1.258311e-10
   71. BINi-04                  1.000526e+03     2.427368e+03     1.000000e+03    -5.656208e+02     6.894823e+00    -6.371853e-03     3.114354e-06    -6.443350e-10     2.384998e+03    -1.198926e+00     2.003146e-03    -8.876819e-07     1.258320e-10
   72. BINi-05                  1.000530e+03     2.427377e+03     1.000000e+03    -5.656228e+02     6.894847e+00    -6.371875e-03     3.114365e-06    -6.443373e-10     2.385006e+03    -1.198930e+00     2.003153e-03    -8.876850e-07     1.258324e-10
   73. BINi-06                  1.000531e+03     2.427381e+03     1.000000e+03    -5.656238e+02     6.894859e+00    -6.371886e-03     3.114370e-06    -6.443384e-10     2.385010e+03    -1.198933e+00     2.003157e-03    -8.876865e-07     1.258326e-10
   74. BINi-07                  1.000532e+03     2.427383e+03     1.000000e+03    -5.656243e+02     6.894865e+00    -6.371892e-03     3.114373e-06    -6.443390e-10     2.385012e+03    -1.198934e+00     2.003158e-03    -8.876873e-07     1.258327e-10
   75. BINi-08                  1.000533e+03     2.427384e+03     1.000000e+03    -5.656245e+02     6.894868e+00    -6.371895e-03     3.114375e-06    -6.443393e-10     2.385013e+03    -1.198934e+00     2.003159e-03    -8.876877e-07     1.258328e-10
   76. BINi-09                  1.000533e+03     2.427385e+03     1.000000e+03    -5.656247e+02     6.894870e+00    -6.371896e-03     3.114375e-06    -6.443394e-10     2.385014e+03    -1.198934e+00     2.003160e-03    -8.876879e-07     1.258328e-10
   77. BINi-10                  1.000533e+03     2.427385e+03     1.000000e+03    -5.656247e+02     6.894870e+00    -6.371897e-03     3.114376e-06    -6.443395e-10     2.385014e+03    -1.198934e+00     2.003160e-03    -8.876880e-07     1.258328e-10
   78. BINi-11                  1.000533e+03     2.427385e+03     1.000000e+03    -5.656247e+02     6.894871e+00    -6.371897e-03     3.114376e-06    -6.443395e-10     2.385014e+03    -1.198935e+00     2.003160e-03    -8.876880e-07     1.258328e-10
   79. BINi-12                  1.000533e+03     2.427385e+03     1.000000e+03    -5.656247e+02     6.894871e+00    -6.371897e-03     3.114376e-06    -6.443395e-10     2.385014e+03    -1.198935e+00     2.003160e-03    -8.876880e-07     1.258328e-10
   80. BINi-13                  1.000533e+03     2.427385e+03     1.000000e+03    -5.656247e+02     6.894871e+00    -6.371897e-03     3.114376e-06    -6.443395e-10     2.385014e+03    -1.198935e+00     2.003160e-03    -8.876880e-07     1.258328e-10
   81. BINi-14                  1.000533e+03     2.427385e+03     1.000000e+03    -5.656247e+02     6.894871e+00    -6.371897e-03     3.114376e-06    -6.443395e-10     2.385014e+03    -1.198935e+00     2.003160e-03    -8.876880e-07     1.258328e-10
   82. BINi-15                  1.000533e+03     2.427385e+03     1.000000e+03    -5.656247e+02     6.894871e+00    -6.371897e-03     3.114376e-06    -6.443395e-10     2.385014e+03    -1.198935e+00     2.003160e-03    -8.876880e-07     1.258328e-10
   83. BINi-16                  1.000533e+03     2.427385e+03     1.000000e+03    -5.656247e+02     6.894871e+00    -6.371897e-03     3.114376e-06    -6.443395e-10     2.385014e+03    -1.198935e+00     2.003160e-03    -8.876880e-07     1.258328e-10
   84. BINi-17                  1.000533e+03     2.427385e+03     1.000000e+03    -5.656247e+02     6.894871e+00    -6.371897e-03     3.114376e-06    -6.443395e-10     2.385014e+03    -1.198935e+00     2.003160e-03    -8.876880e-07     1.258328e-10
   85. BINi-18                  1.000533e+03     2.427385e+03     1.000000e+03    -5.656247e+02     6.894871e+00    -6.371897e-03     3.114376e-06    -6.443395e-10     2.385014e+03    -1.198935e+00     2.003160e-03    -8.876880e-07     1.258328e-10
   86. BINi-19                  1.000533e+03     2.427385e+03     1.000000e+03    -5.656247e+02     6.894871e+00    -6.371897e-03     3.114376e-06    -6.443395e-10     2.385014e+03    -1.198935e+00     2.003160e-03    -8.876880e-07     1.258328e-10
   87. BINi-20                  1.000533e+03     2.427385e+03     1.000000e+03    -5.656247e+02     6.894871e+00    -6.371897e-03     3.114376e-06    -6.443395e-10     2.385014e+03    -1.198935e+00     2.003160e-03    -8.876880e-07     1.258328e-10
   88. BINj-01                  1.000505e+03     2.427318e+03     1.000000e+03    -5.656091e+02     6.894680e+00    -6.371721e-03     3.114290e-06    -6.443217e-10     2.384948e+03    -1.198901e+00     2.003105e-03    -8.876635e-07     1.258293e-10
   89. BINj-02                  1.000519e+03     2.427352e+03     1.000000e+03    -5.656169e+02     6.894775e+00    -6.371809e-03     3.114333e-06    -6.443306e-10     2.384981e+03    -1.198918e+00     2.003132e-03    -8.876757e-07     1.258311e-10
   90. BINj-03                  1.000526e+03     2.427368e+03     1.000000e+03    -5.656208e+02     6.894823e+00    -6.371853e-03     3.114354e-06    -6.443350e-10     2.384998e+03    -1.198926e+00     2.003146e-03    -8.876819e-07     1.258320e-10
   91. BINj-04                  1.000530e+03     2.427377e+03     1.000000e+03    -5.656228e+02     6.894847e+00    -6.371875e-03     3.114365e-06    -6.443373e-10     2.385006e+03    -1.198930e+00     2.003153e-03    -8.876850e-07     1.258324e-10
   92. BINj-05                  1.000531e+03     2.427381e+03     1.000000e+03    -5.656238e+02     6.894859e+00    -6.371886e-03     3.114370e-06    -6.443384e-10     2.385010e+03    -1.198932e+00     2.003157e-03    -8.876865e-07     1.258326e-10
   93. BINj-06                  1.000532e+03     2.427383e+03     1.000000e+03    -5.656243e+02     6.894865e+00    -6.371892e-03     3.114373e-06    -6.443389e-10     2.385012e+03    -1.198934e+00     2.003158e-03    -8.876873e-07     1.258327e-10
   94. BINj-07                  1.000533e+03     2.427384e+03     1.000000e+03    -5.656245e+02     6.894868e+00    -6.371895e-03     3.114375e-06    -6.443392e-10     2.385013e+03    -1.198934e+00     2.003159e-03    -8.876877e-07     1.258328e-10
   95. BINj-08                  1.000533e+03     2.427385e+03     1.000000e+03    -5.656246e+02     6.894870e+00    -6.371896e-03     3.114375e-06    -6.443394e-10     2.385014e+03    -1.198934e+00     2.003160e-03    -8.876879e-07     1.258328e-10
   96. BINj-09                  1.000533e+03     2.427385e+03     1.000000e+03    -5.656247e+02     6.894870e+00    -6.371897e-03     3.114376e-06    -6.443395e-10     2.385014e+03    -1.198934e+00     2.003160e-03    -8.876880e-07     1.258328e-10
   97. BINj-10                  1.000533e+03     2.427385e+03     1.000000e+03    -5.656247e+02     6.894871e+00    -6.371897e-03     3.114376e-06    -6.443395e-10     2.385014e+03    -1.198935e+00     2.003160e-03    -8.876880e-07     1.258328e-10
   98. BINj-11                  1.000533e+03     2.427385e+03     1.000000e+03    -5.656247e+02     6.894871e+00    -6.371897e-03     3.114376e-06    -6.443395e-10     2.385014e+03    -1.198935e+00     2.003160e-03    -8.876880e-07     1.258328e-10
   99. BINj-12                  1.000533e+03     2.427385e+03     1.000000e+03    -5.656247e+02     6.894871e+00    -6.371897e-03     3.114376e-06    -6.443395e-10     2.385014e+03    -1.198935e+00     2.003160e-03    -8.876880e-07     1.258328e-10
  100. BINj-13                  1.000533e+03     2.427385e+03     1.000000e+03    -5.656247e+02     6.894871e+00    -6.371897e-03     3.114376e-06    -6.443395e-10     2.385014e+03    -1.198935e+00     2.003160e-03    -8.876880e-07     1.258328e-10
  101. BINj-14                  1.000533e+03     2.427385e+03     1.000000e+03    -5.656247e+02     6.894871e+00    -6.371897e-03     3.114376e-06    -6.443395e-10     2.385014e+03    -1.198935e+00     2.003160e-03    -8.876880e-07     1.258328e-10
  102. BINj-15                  1.000533e+03     2.427385e+03     1.000000e+03    -5.656247e+02     6.894871e+00    -6.371897e-03     3.114376e-06    -6.443395e-10     2.385014e+03    -1.198935e+00     2.003160e-03    -8.876880e-07     1.258328e-10
  103. BINj-16                  1.000533e+03     2.427385e+03     1.000000e+03    -5.656247e+02     6.894871e+00    -6.371897e-03     3.114376e-06    -6.443395e-10     2.385014e+03    -1.198935e+00     2.003160e-03    -8.876880e-07     1.258328e-10
  104. BINj-17                  1.000533e+03     2.427385e+03     1.000000e+03    -5.656247e+02     6.894871e+00    -6.371897e-03     3.114376e-06    -6.443395e-10     2.385014e+03    -1.198935e+00     2.003160e-03    -8.876880e-07     1.258328e-10
  105. BINj-18                  1.000533e+03     2.427385e+03     1.000000e+03    -5.656247e+02     6.894871e+00    -6.371897e-03     3.114376e-06    -6.443395e-10     2.385014e+03    -1.198935e+00     2.003160e-03    -8.876880e-07     1.258328e-10
  106. BINj-19                  1.000533e+03     2.427385e+03     1.000000e+03    -5.656247e+02     6.894871e+00    -6.371897e-03     3.114376e-06    -6.443395e-10     2.385014e+03    -1.198935e+00     2.003160e-03    -8.876880e-07     1.258328e-10
  107. BINj-20                  1.000533e+03     2.427385e+03     1.000000e+03    -5.656247e+02     6.894871e+00    -6.371897e-03     3.114376e-06    -6.443395e-10     2.385014e+03    -1.198935e+00     2.003160e-03    -8.876880e-07     1.258328e-10

 ----------------------------------------------------------------------------------------------------------------------------------------------------------------------------------------------------------------------------------------------------------


 -------------------------------------------------------------------------------------------------------------------------------------------------------------------------------------------------------------------------------------------------------------------------------------------
                           ENTHALPY COEFFICIENTS                                                                     

             H/(RT) = A + B*T + C*T^2 + D*T^3 + E*T^4 + F/T  [-]                                                         

    Species                   H(298K)[J/kmol]  H(1000K)[J/kmol]      LT-HT            A(LT)            B(LT)            C(LT)            D(LT)            E(LT)           F(LT)             A(HT)            B(HT)            C(HT)           D(HT)             E(HT)            F(HT)      
 -------------------------------------------------------------------------------------------------------------------------------------------------------------------------------------------------------------------------------------------------------------------------------------------

    1. N2                      -4.368616e+03     2.146458e+07     1.000000e+03     3.531005e+00    -6.183049e-05    -1.676665e-07     6.088265e-10    -2.817625e-13    -1.046976e+03     2.952576e+00     6.984502e-04    -1.642105e-07     1.965025e-11    -9.215104e-16    -9.239487e+02
    2. AR                      -3.117923e+03     1.458876e+07     1.000000e+03     2.500000e+00     0.000000e+00     0.000000e+00     0.000000e+00     0.000000e+00    -7.453750e+02     2.500000e+00     0.000000e+00     0.000000e+00     0.000000e+00     0.000000e+00    -7.453750e+02
    3. O                        2.491703e+08     2.640319e+08     1.000000e+03     3.168267e+00    -1.639659e-03     2.214355e-06    -1.532017e-09     4.225319e-13     2.912226e+04     2.543637e+00    -1.365812e-05    -1.396765e-09     1.238705e-12    -9.591074e-17     2.922601e+04
    4. O2                      -4.406649e+03     2.270681e+07     1.000000e+03     3.782456e+00    -1.498367e-03     3.282434e-06    -2.420324e-09     6.487457e-13    -1.063944e+03     3.660961e+00     3.281828e-04    -4.704983e-08     5.144941e-12    -2.598265e-16    -1.215977e+03
    5. H                        2.179941e+08     2.325859e+08     1.000000e+03     2.500000e+00     0.000000e+00     0.000000e+00     0.000000e+00     0.000000e+00     2.547366e+04     2.500000e+00     0.000000e+00     0.000000e+00     0.000000e+00     0.000000e+00     2.547366e+04
    6. H2                      -4.325316e+03     2.068628e+07     1.000000e+03     2.344303e+00     3.990212e-03    -6.492639e-06     5.039242e-09    -1.475206e-12    -9.179241e+02     2.932831e+00     4.132990e-04    -4.880019e-08     3.852463e-12    -1.377592e-16    -8.130558e+02
    7. OH                       3.753798e+07     5.847430e+07     1.000000e+03     4.125306e+00    -1.612725e-03     2.175882e-06    -1.449634e-09     4.124748e-13     3.381538e+03     2.864729e+00     5.282522e-04    -8.636092e-08     7.630467e-12    -2.663918e-16     3.718858e+03
    8. HO2                      1.254669e+07     4.210577e+07     1.000000e+03     4.301788e+00    -2.374510e-03     7.052651e-06    -6.068990e-09     1.858413e-12     2.948088e+02     4.172266e+00     9.406049e-04    -1.154310e-07     4.867129e-12     3.521831e-17     6.181885e+01
    9. H2O                     -2.418296e+08    -2.158221e+08     1.000000e+03     4.198635e+00    -1.018201e-03     2.173447e-06    -1.371982e-09     3.543936e-13    -3.029373e+04     2.677039e+00     1.486591e-03    -2.579230e-07     2.360838e-11    -8.537998e-16    -2.988589e+04
   10. H2O2                    -1.363156e+08    -9.845240e+07     1.000000e+03     4.276113e+00    -2.714112e-04     5.577857e-06    -5.394270e-09     1.724909e-12    -1.775430e+04     4.573335e+00     2.024920e-03    -4.315983e-07     4.932043e-11    -2.268057e-15    -1.805481e+04
   11. CO                      -1.105337e+08    -8.883940e+07     1.000000e+03     3.579534e+00    -3.051768e-04     3.389381e-07     2.267515e-10    -1.808849e-13    -1.434409e+04     3.048486e+00     6.758640e-04    -1.619313e-07     1.971341e-11    -9.396149e-16    -1.426612e+04
   12. CO2                     -3.935133e+08    -3.601107e+08     1.000000e+03     2.356813e+00     4.492065e-03    -2.374021e-06     6.143252e-10    -2.857710e-14    -4.837197e+04     4.636511e+00     1.370728e-03    -3.319659e-07     4.009667e-11    -1.832397e-15    -4.902490e+04
   13. CH                       5.973302e+08     6.185574e+08     1.000000e+03     3.489817e+00     1.619178e-04    -5.629969e-07     7.905433e-10    -2.812181e-13     7.079729e+04     2.878465e+00     4.854568e-04     4.814855e-08    -3.267196e-11     3.521588e-15     7.101244e+04
   14. CH2                      3.923278e+08     4.203588e+08     1.000000e+03     3.762679e+00     4.844361e-04     9.316328e-07    -9.627279e-10     3.374834e-13     4.600404e+04     2.874101e+00     1.828196e-03    -4.696487e-07     6.504489e-11    -3.754551e-15     4.626360e+04
   15. CH2s                     4.298849e+08     4.570711e+08     1.000000e+03     4.198604e+00    -1.183307e-03     2.744321e-06    -1.672040e-09     3.886295e-13     5.049682e+04     2.292038e+00     2.327943e-03    -6.706398e-07     1.044765e-10    -6.794327e-15     5.092600e+04
   16. CH3                      1.466941e+08     1.812659e+08     1.000000e+03     3.657180e+00     1.063299e-03     1.819463e-06    -1.654525e-09     4.931415e-13     1.642272e+04     2.978121e+00     2.898926e-03    -6.585267e-07     7.682448e-11    -3.583483e-15     1.650951e+04
   17. CH4                     -7.460493e+07    -3.594848e+07     1.000000e+03     5.149879e+00    -6.835504e-03     1.639338e-05    -1.211860e-08     3.333888e-12    -1.024665e+04     1.635426e+00     5.042215e-03    -1.123079e-06     1.337432e-10    -6.310563e-15    -1.000560e+04
   18. CH2OH                   -1.780736e+07     2.792593e+07     1.000000e+03     4.738646e+00     6.356625e-04     4.866855e-06    -4.591654e-09     1.415417e-12    -3.706210e+03     4.723987e+00     3.254163e-03    -7.474687e-07     8.793570e-11    -4.128495e-15    -3.955771e+03
   19. CH3OH                   -2.010053e+08    -1.528930e+08     1.000000e+03     5.658511e+00    -8.149171e-03     2.306461e-05    -1.895932e-08     5.608551e-12    -2.561197e+04     3.527268e+00     5.158939e-03    -1.209643e-06     1.443620e-10    -6.843653e-15    -2.600288e+04
   20. HCO                      4.199457e+07     7.126357e+07     1.000000e+03     4.221186e+00    -1.621963e-03     4.593315e-06    -3.328602e-09     8.675377e-13     3.839565e+03     3.648962e+00     1.540454e-03    -3.747663e-07     4.657702e-11    -2.279037e-15     3.712090e+03
   21. C2H                      5.648990e+08     5.966626e+08     1.000000e+03     2.737704e+00     4.024223e-03    -3.081437e-06     1.631315e-09    -3.879160e-13     6.683813e+04     3.986367e+00     1.571561e-03    -4.224143e-07     7.310907e-11    -5.432640e-15     6.655884e+04
   22. C2H2                     2.281921e+08     2.692476e+08     1.000000e+03     8.086811e-01     1.168078e-02    -1.183906e-05     7.003811e-09    -1.700146e-12     2.642898e+04     4.147570e+00     2.980833e-03    -7.909828e-07     1.168530e-10    -7.224704e-15     2.593600e+04
   23. C2H3                     2.997317e+08     3.459035e+08     1.000000e+03     3.001960e+00     1.515218e-03     8.148105e-06    -8.952560e-09     3.021740e-12     3.486817e+04     4.702531e+00     3.632114e-03    -8.600664e-07     1.032999e-10    -4.918298e-15     3.402968e+04
   24. C2H4                     5.249327e+07     1.031384e+08     1.000000e+03     3.959201e+00    -3.785261e-03     1.903301e-05    -1.728972e-08     5.397687e-12     5.089776e+03     2.036111e+00     7.322708e-03    -2.236926e-06     3.680573e-10    -2.514121e-14     4.939886e+03
   25. C2H5                     1.186500e+08     1.767508e+08     1.000000e+03     4.306466e+00    -2.093294e-03     1.657143e-05    -1.497817e-08     4.610180e-12     1.284163e+04     1.954656e+00     8.698636e-03    -2.660689e-06     4.380442e-10    -2.992832e-14     1.285752e+04
   26. C2H6                    -8.385893e+07    -1.944102e+07     1.000000e+03     4.291425e+00    -2.750771e-03     1.998128e-05    -1.771166e-08     5.373715e-12    -1.152221e+04     1.071881e+00     1.084263e-02    -3.341869e-06     5.535300e-10    -3.800058e-14    -1.142639e+04
   27. HCCO                     1.773933e+08     2.206096e+08     1.000000e+03     2.335012e+00     8.505041e-03    -7.339622e-06     3.851612e-09    -8.691019e-13     2.005030e+04     5.846901e+00     1.820298e-03    -4.319669e-07     5.199230e-11    -2.480004e-15     1.924850e+04
   28. HCCOH                    9.317690e+07     1.453221e+08     1.000000e+03     1.965417e+00     1.279260e-02    -1.292444e-05     7.891584e-09    -2.016334e-12     9.769409e+03     6.366026e+00     2.751936e-03    -6.283967e-07     7.361604e-11    -3.443720e-15     8.918496e+03
   29. CH2CO                   -4.770509e+07     2.389557e+06     1.000000e+03     2.140116e+00     9.044184e-03    -5.774739e-06     2.319187e-09    -3.983002e-13    -7.043051e+03     5.757790e+00     3.174825e-03    -7.528136e-07     9.052116e-11    -4.313806e-15    -7.978611e+03
   30. CH3HCO                  -1.661973e+08    -1.045420e+08     1.000000e+03     4.729459e+00    -1.596643e-03     1.584497e-05    -1.436465e-08     4.386222e-12    -2.157288e+04     5.404111e+00     5.861529e-03    -1.408771e-06     1.709311e-10    -8.196973e-15    -2.259312e+04
   31. C3H2                     5.422887e+08     5.943516e+08     1.000000e+03     3.166714e+00     1.241286e-02    -1.530546e-05     1.067005e-08    -2.964304e-12     6.350421e+04     7.670981e+00     1.374374e-03    -1.456981e-07    -1.613900e-11     3.327774e-15     6.259722e+04
   32. H2CCCH                   3.459883e+08     4.079918e+08     1.000000e+03     1.351109e+00     1.637056e-02    -1.579424e-05     9.407745e-09    -2.370818e-12     4.010578e+04     7.142219e+00     3.809510e-03    -8.915332e-07     1.062287e-10    -5.029508e-15     3.890874e+04
   33. C3H4                     1.909101e+08     2.563481e+08     1.000000e+03     2.613044e+00     6.061288e-03     6.179960e-06    -8.631287e-09     3.067016e-12     2.154157e+04     6.316872e+00     5.566864e-03    -1.320979e-06     1.589106e-10    -7.575108e-15     2.011749e+04
   34. C3H4P                    1.915070e+08     2.563156e+08     1.400000e+03     3.029730e+00     7.494805e-03    -4.661667e-07    -9.924048e-10     2.776434e-13     2.148408e+04     9.768102e+00     2.609575e-03    -1.251047e-07    -7.480477e-11     1.021576e-14     1.860277e+04
   35. CH2CHCH2                 1.616874e+08     2.380075e+08     1.000000e+03     2.276486e+00     9.927820e-03     3.746140e-07    -2.536440e-09     6.882684e-13     1.789497e+04     9.651539e+00     4.037798e-03    -2.655141e-07    -1.162674e-10     1.720656e-14     1.530096e+04
   36. H2CCCCH                  4.657927e+08     5.437263e+08     1.000000e+03     6.545799e+00     6.212385e-03     1.867742e-07    -1.407785e-09     3.330436e-13     5.352503e+04     1.131409e+01     2.507207e-03    -1.783482e-07    -7.063272e-11     1.080656e-14     5.181211e+04
   37. CH2CHCCH                 2.893191e+08     3.677917e+08     1.000000e+03     3.233893e+00     9.328170e-03     4.234400e-07    -2.352524e-09     5.912222e-13     3.301097e+04     1.069777e+01     3.491007e-03    -2.189249e-07    -9.711293e-11     1.440189e-14     3.034803e+04
   38. CH2CHCHCH                3.602421e+08     4.513684e+08     1.000000e+03     2.995240e+00     1.144228e-02     6.584903e-07    -2.870612e-09     6.395648e-13     4.142218e+04     1.286597e+01     3.971685e-03    -2.875489e-07    -1.163909e-10     1.790226e-14     3.783552e+04
   39. CH2CHCCH2                3.102206e+08     3.983550e+08     1.000000e+03     3.879443e+00     9.988320e-03     6.242590e-07    -2.326738e-09     4.772232e-13     3.526859e+04     1.199776e+01     3.995290e-03    -2.699391e-07    -1.142183e-10     1.727382e-14     3.228493e+04
   40. CH2CHCHCH2               1.089704e+08     2.032991e+08     1.000000e+03    -2.530900e+00     2.693985e-02    -1.724644e-05     6.276800e-09    -8.649452e-13     1.187691e+04     7.130943e+00     1.032004e-02    -3.107969e-06     5.368267e-10    -4.122722e-14     9.612654e+03
   41. CH3CCCH2                 3.110694e+08     3.974152e+08     1.000000e+03     5.068450e+00     7.858735e-03     9.896583e-07    -1.247647e-09    -5.968448e-14     3.518855e+04     1.156506e+01     4.015149e-03    -2.549817e-07    -1.119133e-10     1.662652e-14     3.256813e+04
   42. CH2O                    -1.085847e+08    -7.379429e+07     1.000000e+03     4.793704e+00    -4.954076e-03     1.244049e-05    -9.481976e-09     2.635403e-12    -1.430895e+04     3.169481e+00     3.096637e-03    -7.501994e-07     9.149561e-11    -4.403082e-15    -1.447842e+04
   43. C5H5                     2.660894e+08     3.646030e+08     1.000000e+03    -9.590285e-01     1.569839e-02     8.908017e-06    -1.723555e-08     6.660397e-12     3.077944e+04     1.084407e+01     7.696415e-03    -1.854347e-06     2.254736e-10    -1.083132e-14     2.695089e+04
   44. C5H6                     1.342879e+08     2.369124e+08     1.000000e+03     8.610896e-01     7.402016e-03     2.403630e-05    -2.834514e-08     9.737994e-12     1.480175e+04     9.975785e+00     9.452772e-03    -2.280382e-06     2.774835e-10    -1.333605e-14     1.108169e+04
   45. A1-                      3.397265e+08     4.424217e+08     1.000000e+03     2.103066e-01     1.023728e-02     1.965810e-05    -2.538356e-08     8.942113e-12     3.954687e+04     1.084448e+01     8.660624e-03    -2.097444e-06     2.559249e-10    -1.232434e-14     3.555985e+04
   46. A1                       8.366210e+07     1.955552e+08     1.000000e+03    -4.899868e+00     2.990347e-02    -1.223670e-05     8.185100e-10     7.520177e-13     9.182457e+03     1.724699e+01     1.921008e-03     2.759208e-06    -1.224028e-09     1.521291e-13     2.664606e+03
   47. C6H5CH2                  2.104824e+08     3.478756e+08     1.000000e+03     4.811154e-01     1.925642e-02     1.095383e-05    -1.924318e-08     7.084614e-12     2.330703e+04     1.404398e+01     1.174694e-02    -2.845846e-06     3.472710e-10    -1.672288e-14     1.856420e+04
   48. C6H5CH3                  6.921564e+07     2.079143e+08     1.000000e+03    -4.078000e+00     3.425000e-02    -1.666667e-05     5.000000e-09    -4.000000e-13     6.901005e+03    -4.078000e+00     3.425000e-02    -1.666667e-05     5.000000e-09    -4.000000e-13     6.901005e+03
   49. C6H5O                    5.398504e+07     1.735378e+08     1.000000e+03    -4.662045e-01     2.067220e-02     4.413766e-06    -1.432182e-08     5.795274e-12     4.778584e+03     1.372217e+01     8.734439e-03    -2.118348e-06     2.587308e-10    -1.246821e-14     2.872748e+02
   50. C6H5OH                  -9.639036e+07     3.226000e+07     1.000000e+03    -1.695654e+00     2.613565e-02    -2.400802e-06    -8.964901e-09     4.089815e-12    -1.328412e+04     1.491207e+01     9.189068e-03    -2.066104e-06     2.299581e-10    -9.841913e-15    -1.837520e+04
   51. C6H5C3H2                 4.197208e+08     5.814530e+08     1.000000e+03    -4.000808e+00     4.136074e-02    -2.156492e-05     6.454652e-09    -8.387356e-13     4.852180e+04     2.141012e+01     1.077880e-02    -2.531687e-06     3.007190e-10    -1.415337e-14     3.986600e+04
   52. P2-                      4.267329e+08     6.334585e+08     1.000000e+03    -1.185110e+01     6.772578e-02    -4.436979e-05     1.844248e-08    -3.638601e-12     4.987878e+04     4.471185e+01    -1.142591e-02     1.303404e-05    -4.338025e-09     4.915875e-13     3.371400e+04
   53. P2                       1.815487e+08     3.961142e+08     1.000000e+03    -1.028323e+01     6.214353e-02    -3.199676e-05     8.073698e-09    -4.609046e-13     2.016526e+04     5.076187e+01    -1.725078e-02     1.676447e-05    -5.389895e-09     6.019438e-13     2.153887e+03
   54. A1C2H                    3.281319e+08     4.704402e+08     1.000000e+03    -8.723472e-01     2.591981e-02     2.202658e-06    -1.398774e-08     5.856950e-12     3.746163e+04     1.563809e+01     1.103422e-02    -2.675104e-06     3.266253e-10    -1.573586e-14     3.227287e+04
   55. A1C2HP2                  5.397338e+08     7.118909e+08     1.000000e+03    -7.557036e+00     6.079796e-02    -5.046283e-05     2.571872e-08    -5.790182e-12     6.291417e+04     3.976678e+01    -1.246990e-02     1.140339e-05    -3.618314e-09     4.020805e-13     5.013675e+04
   56. A2-1                     3.962039e+08     5.646390e+08     1.000000e+03    -8.528729e+00     5.167299e-02    -3.064090e-05     1.078686e-08    -1.714763e-12     4.633500e+04     3.838090e+01    -1.157873e-02     1.182642e-05    -3.848864e-09     4.321814e-13     3.269847e+04
   57. A2                       1.497494e+08     3.266585e+08     1.000000e+03    -9.450504e+00     5.568924e-02    -3.448556e-05     1.320010e-08    -2.360888e-12     1.669559e+04     3.646864e+01    -7.709756e-03     1.005335e-05    -3.425030e-09     3.916546e-13     3.509144e+03
   58. A2C2HA                   3.790366e+08     5.862070e+08     1.000000e+03    -1.153045e+01     7.370717e-02    -5.767448e-05     2.875097e-08    -6.541837e-12     4.379313e+04     4.945367e+01    -1.692856e-02     1.550187e-05    -4.920299e-09     5.468154e-13     2.685105e+04
   59. A2C2HP2                  7.373084e+08     9.773129e+08     1.000000e+03    -6.302901e+00     6.872847e-02    -4.351827e-05     1.518267e-08    -2.035669e-12     8.548943e+04     2.367106e+01     2.106852e-02    -5.865548e-06     7.770313e-10    -3.361043e-14     7.792627e+04
   60. A2R5                     2.598008e+08     4.615899e+08     1.000000e+03    -9.701161e+00     6.009725e-02    -3.296923e-05     9.310221e-09    -8.224916e-13     2.960193e+04     4.588370e+01    -1.361345e-02     1.385645e-05    -4.511773e-09     5.070279e-13     1.339457e+04
   61. A2R5-                    4.996192e+08     6.961176e+08     1.000000e+03    -7.338027e+00     5.598290e-02    -3.109431e-05     8.966586e-09    -8.532044e-13     5.805977e+04     1.195343e+01     2.619304e-02    -9.231752e-06     1.746460e-09    -1.369877e-13     5.319952e+04
   62. IND                      2.855790e+08     4.498158e+08     1.000000e+03    -2.669873e+00     3.108861e-02     5.022339e-06    -1.991142e-08     8.183794e-12     3.238697e+04     1.855496e+01     1.251754e-02    -3.048584e-06     3.733710e-10    -1.802661e-14     2.572116e+04
   63. A3-4                     4.497501e+08     6.834573e+08     1.000000e+03    -1.126662e+01     7.108426e-02    -4.210893e-05     1.458720e-08    -2.236857e-12     5.214196e+04     5.578888e+01    -1.896531e-02     1.784270e-05    -5.707698e-09     6.368246e-13     3.260563e+04
   64. A3                       2.074783e+08     4.492330e+08     1.000000e+03    -1.227523e+01     7.516128e-02    -4.620934e-05     1.734419e-08    -3.021089e-12     2.303049e+04     5.591647e+01    -1.762660e-02     1.750764e-05    -5.668158e-09     6.354117e-13     3.265461e+03
   65. A3C2H                    4.564420e+08     7.288057e+08     1.000000e+03    -1.160267e+01     8.412197e-02    -5.477343e-05     2.159860e-08    -3.862113e-12     5.217284e+04     5.216515e+01    -6.598659e-03     1.145102e-05    -4.070973e-09     4.735472e-13     3.423506e+04
   66. A4-                      4.702785e+08     7.272536e+08     1.000000e+03    -9.625859e+00     6.692657e-02    -2.586692e-05    -9.082637e-10     2.771134e-12     5.417185e+04     2.208882e+01     2.667770e-02    -7.443311e-06     9.869905e-10    -4.262635e-14     4.520093e+04
   67. A4                       2.254705e+08     4.925189e+08     1.000000e+03    -1.375925e+01     8.386147e-02    -5.166707e-05     1.893989e-08    -3.134809e-12     2.499619e+04     5.801727e+01    -1.458249e-02     1.624279e-05    -5.398420e-09     6.121957e-13     4.345102e+03
   68. BINi-01                  3.235805e+08     7.068310e+08     1.000000e+03    -1.974637e+01     1.203525e-01    -7.414920e-05     2.718129e-08    -4.498873e-12     3.587289e+04     8.326260e+01    -2.092784e-02     2.331060e-05    -7.747460e-09     8.785833e-13     6.235806e+03
   69. BINi-02                  6.449314e+08     1.408792e+09     1.000000e+03    -3.935669e+01     2.398757e-01    -1.477875e-04     5.417529e-08    -8.966748e-12     7.149862e+04     1.659515e+02    -4.171149e-02     4.646058e-05    -1.544154e-08     1.751113e-12     1.242865e+04
   70. BINi-03                  1.287633e+09     2.812713e+09     1.000000e+03    -7.857733e+01     4.789222e-01    -2.950641e-04     1.081633e-07    -1.790250e-11     1.427501e+05     3.313293e+02    -8.327878e-02     9.276054e-05    -3.082970e-08     3.496172e-12     2.481433e+04
   71. BINi-04                  2.573037e+09     5.620556e+09     1.000000e+03    -1.570186e+02     9.570152e-01    -5.896173e-04     2.161393e-07    -3.577400e-11     2.852529e+05     6.620849e+02    -1.664134e-01     1.853605e-04    -6.160601e-08     6.986291e-12     4.958568e+04
   72. BINi-05                  5.143844e+09     1.123624e+10     1.000000e+03    -3.139011e+02     1.913201e+00    -1.178724e-03     4.320913e-07    -7.151699e-11     5.702587e+05     1.323596e+03    -3.326825e-01     3.705603e-04    -1.231586e-07     1.396653e-11     9.912840e+04
   73. BINi-06                  1.028546e+10     2.246761e+10     1.000000e+03    -6.276662e+02     3.825573e+00    -2.356936e-03     8.639953e-07    -1.430030e-10     1.140270e+06     2.646619e+03    -6.652209e-01     7.409600e-04    -2.462639e-07     2.792700e-11     1.982138e+05
   74. BINi-07                  2.159969e+10     4.718248e+10     1.000000e+03    -1.318113e+03     8.033787e+00    -4.949618e-03     1.814409e-06    -3.003094e-10     2.394593e+06     5.557957e+03    -1.396978e+00     1.556032e-03    -5.171596e-07     5.864732e-11     4.162534e+05
   75. BINi-08                  4.750861e+10     1.037781e+11     1.000000e+03    -2.899195e+03     1.767035e+01    -1.088671e-02     3.990801e-06    -6.605318e-10     5.266916e+06     1.222475e+04    -3.072660e+00     3.422500e-03    -1.137495e-06     1.289950e-10     9.155511e+05
   76. BINi-09                  1.092749e+11     2.387008e+11     1.000000e+03    -6.668461e+03     4.064371e+01    -2.504060e-02     9.179273e-06    -1.519295e-09     1.211448e+07     2.811825e+04    -7.067450e+00     7.872119e-03    -2.616361e-06     2.967025e-10     2.105867e+06
   77. BINi-10                  2.622514e+11     5.728633e+11     1.000000e+03    -1.600379e+04     9.754176e+01    -6.009550e-02     2.202954e-05    -3.646189e-09     2.907381e+07     6.748161e+04    -1.696133e+01     1.889247e-02    -6.279063e-06     7.120630e-10     5.053916e+06
   78. BINi-11                  6.556251e+11     1.432151e+12     1.000000e+03    -4.000927e+04     2.438532e+02    -1.502380e-01     5.507357e-05    -9.115426e-09     7.268414e+07     1.687032e+05    -4.240311e+01     4.723095e-02    -1.569758e-05     1.780148e-09     1.263473e+07
   79. BINi-12                  1.704608e+12     3.723556e+12     1.000000e+03    -1.040231e+05     6.340119e+02    -3.906149e-01     1.431899e-04    -2.369987e-08     1.889769e+08     4.386238e+05    -1.102470e+02     1.227992e-01    -4.081329e-05     4.628340e-09     3.284996e+07
   80. BINi-13                  4.602444e+12     1.005360e+13     1.000000e+03    -2.808624e+05     1.711833e+03    -1.054660e+00     3.866128e-04    -6.398968e-08     5.102378e+08     1.184285e+06    -2.976670e+02     3.315581e-01    -1.101959e-04     1.249652e-08     8.869493e+07
   81. BINi-14                  1.288682e+13     2.815004e+13     1.000000e+03    -7.864131e+05     4.793122e+03    -2.953044e+00     1.082514e-03    -1.791707e-07     1.428663e+09     3.315991e+06    -8.334659e+02     9.283607e-01    -3.085480e-04     3.499019e-08     2.483453e+08
   82. BINi-15                  3.737178e+13     8.163512e+13     1.000000e+03    -2.280598e+06     1.390006e+04    -8.563828e+00     3.139290e-03    -5.195953e-07     4.143123e+09     9.616375e+06    -2.417052e+03     2.692247e+00    -8.947893e-04     1.014716e-07     7.202015e+08
   83. BINi-16                  1.121153e+14     2.449054e+14     1.000000e+03    -6.841796e+06     4.170017e+04    -2.569149e+01     9.417871e-03    -1.558786e-06     1.242937e+10     2.884913e+07    -7.251155e+03     8.076740e+00    -2.684368e-03     3.044147e-07     2.160605e+09
   84. BINi-17                  3.475575e+14     7.592066e+14     1.000000e+03    -2.120957e+07     1.292705e+05    -7.964360e+01     2.919540e-02    -4.832236e-06     3.853105e+10     8.943229e+07    -2.247858e+04     2.503789e+01    -8.321541e-03     9.436856e-07     6.697874e+09
   85. BINi-18                  1.112184e+15     2.429461e+15     1.000000e+03    -6.787061e+07     4.136657e+05    -2.548595e+02     9.342527e-02    -1.546315e-05     1.232993e+11     2.861833e+08    -7.193145e+04     8.012126e+01    -2.662893e-02     3.019794e-06     2.143320e+10
   86. BINi-19                  3.670207e+15     8.017222e+15     1.000000e+03    -2.239730e+08     1.365097e+06    -8.410364e+02     3.083034e-01    -5.102841e-05     4.068879e+11     9.444050e+08    -2.373738e+05     2.644002e+02    -8.787547e-02     9.965320e-06     7.072955e+10
   87. BINi-20                  1.247870e+16     2.725855e+16     1.000000e+03    -7.615082e+08     4.641329e+06    -2.859524e+03     1.048232e+00    -1.734966e-04     1.383419e+12     3.210977e+09    -8.070709e+05     8.989605e+02    -2.987766e-01     3.388209e-05     2.404805e+11
   88. BINj-01                  3.224657e+08     7.043959e+08     1.000000e+03    -1.967835e+01     1.199379e-01    -7.389375e-05     2.708764e-08    -4.483374e-12     3.574931e+04     8.297575e+01    -2.085574e-02     2.323029e-05    -7.720769e-09     8.755565e-13     6.214323e+03
   89. BINj-02                  6.438166e+08     1.406357e+09     1.000000e+03    -3.928866e+01     2.394611e-01    -1.475320e-04     5.408165e-08    -8.951249e-12     7.137503e+04     1.656646e+02    -4.163939e-02     4.638027e-05    -1.541485e-08     1.748086e-12     1.240716e+04
   90. BINj-03                  1.286518e+09     2.810278e+09     1.000000e+03    -7.850930e+01     4.785076e-01    -2.948086e-04     1.080696e-07    -1.788700e-11     1.426265e+05     3.310425e+02    -8.320668e-02     9.268023e-05    -3.080301e-08     3.493145e-12     2.479284e+04
   91. BINj-04                  2.571922e+09     5.618121e+09     1.000000e+03    -1.569506e+02     9.566006e-01    -5.893618e-04     2.160457e-07    -3.575850e-11     2.851294e+05     6.617981e+02    -1.663413e-01     1.852802e-04    -6.157932e-08     6.983264e-12     4.956420e+04
   92. BINj-05                  5.142730e+09     1.123381e+10     1.000000e+03    -3.138331e+02     1.912787e+00    -1.178468e-03     4.319977e-07    -7.150150e-11     5.701351e+05     1.323309e+03    -3.326104e-01     3.704800e-04    -1.231319e-07     1.396350e-11     9.910692e+04
   93. BINj-06                  1.028434e+10     2.246518e+10     1.000000e+03    -6.275982e+02     3.825159e+00    -2.356681e-03     8.639017e-07    -1.429875e-10     1.140147e+06     2.646332e+03    -6.651488e-01     7.408797e-04    -2.462372e-07     2.792398e-11     1.981924e+05
   94. BINj-07                  2.159857e+10     4.718005e+10     1.000000e+03    -1.318045e+03     8.033373e+00    -4.949363e-03     1.814316e-06    -3.002939e-10     2.394469e+06     5.557670e+03    -1.396906e+00     1.555952e-03    -5.171329e-07     5.864429e-11     4.162319e+05
   95. BINj-08                  4.750749e+10     1.037756e+11     1.000000e+03    -2.899127e+03     1.766993e+01    -1.088645e-02     3.990707e-06    -6.605163e-10     5.266793e+06     1.222446e+04    -3.072588e+00     3.422419e-03    -1.137468e-06     1.289920e-10     9.155296e+05
   96. BINj-09                  1.092738e+11     2.386983e+11     1.000000e+03    -6.668393e+03     4.064330e+01    -2.504035e-02     9.179179e-06    -1.519279e-09     1.211435e+07     2.811796e+04    -7.067378e+00     7.872039e-03    -2.616334e-06     2.966995e-10     2.105845e+06
   97. BINj-10                  2.622502e+11     5.728609e+11     1.000000e+03    -1.600372e+04     9.754134e+01    -6.009524e-02     2.202945e-05    -3.646174e-09     2.907368e+07     6.748132e+04    -1.696126e+01     1.889239e-02    -6.279036e-06     7.120599e-10     5.053895e+06
   98. BINj-11                  6.556239e+11     1.432149e+12     1.000000e+03    -4.000920e+04     2.438527e+02    -1.502377e-01     5.507348e-05    -9.115411e-09     7.268402e+07     1.687029e+05    -4.240304e+01     4.723087e-02    -1.569755e-05     1.780145e-09     1.263470e+07
   99. BINj-12                  1.704607e+12     3.723553e+12     1.000000e+03    -1.040230e+05     6.340115e+02    -3.906146e-01     1.431898e-04    -2.369986e-08     1.889768e+08     4.386236e+05    -1.102469e+02     1.227992e-01    -4.081327e-05     4.628337e-09     3.284994e+07
  100. BINj-13                  4.602443e+12     1.005360e+13     1.000000e+03    -2.808623e+05     1.711832e+03    -1.054660e+00     3.866127e-04    -6.398966e-08     5.102377e+08     1.184285e+06    -2.976669e+02     3.315580e-01    -1.101959e-04     1.249652e-08     8.869491e+07
  101. BINj-14                  1.288682e+13     2.815003e+13     1.000000e+03    -7.864130e+05     4.793122e+03    -2.953043e+00     1.082514e-03    -1.791707e-07     1.428663e+09     3.315991e+06    -8.334658e+02     9.283607e-01    -3.085480e-04     3.499019e-08     2.483453e+08
  102. BINj-15                  3.737177e+13     8.163511e+13     1.000000e+03    -2.280598e+06     1.390006e+04    -8.563828e+00     3.139290e-03    -5.195952e-07     4.143123e+09     9.616375e+06    -2.417051e+03     2.692247e+00    -8.947893e-04     1.014716e-07     7.202015e+08
  103. BINj-16                  1.121153e+14     2.449054e+14     1.000000e+03    -6.841796e+06     4.170017e+04    -2.569149e+01     9.417871e-03    -1.558786e-06     1.242937e+10     2.884913e+07    -7.251155e+03     8.076740e+00    -2.684368e-03     3.044147e-07     2.160605e+09
  104. BINj-17                  3.475575e+14     7.592066e+14     1.000000e+03    -2.120957e+07     1.292705e+05    -7.964360e+01     2.919540e-02    -4.832236e-06     3.853105e+10     8.943229e+07    -2.247858e+04     2.503789e+01    -8.321541e-03     9.436856e-07     6.697874e+09
  105. BINj-18                  1.112184e+15     2.429461e+15     1.000000e+03    -6.787061e+07     4.136657e+05    -2.548595e+02     9.342527e-02    -1.546315e-05     1.232993e+11     2.861833e+08    -7.193145e+04     8.012126e+01    -2.662893e-02     3.019794e-06     2.143320e+10
  106. BINj-19                  3.670207e+15     8.017222e+15     1.000000e+03    -2.239730e+08     1.365097e+06    -8.410364e+02     3.083034e-01    -5.102841e-05     4.068879e+11     9.444050e+08    -2.373738e+05     2.644002e+02    -8.787547e-02     9.965320e-06     7.072955e+10
  107. BINj-20                  1.247870e+16     2.725855e+16     1.000000e+03    -7.615082e+08     4.641329e+06    -2.859524e+03     1.048232e+00    -1.734966e-04     1.383419e+12     3.210977e+09    -8.070709e+05     8.989605e+02    -2.987766e-01     3.388209e-05     2.404805e+11

 -------------------------------------------------------------------------------------------------------------------------------------------------------------------------------------------------------------------------------------------------------------------------------------------


 -------------------------------------------------------------------------------------------------------------------------------------------------------------------------------------------------------------------------------------------------------------------------------------------
                             ENTROPY COEFFICIENTS                                                                     

             S/R = A*lnT + B*T + C*T^2 + D*T^3 + E*T^4 + F  [-]                                                         

    Species                 S(298K)[J/kmol/K] S(1000K)[J/kmol/K]     LT-HT            A(LT)            B(LT)            C(LT)            D(LT)            E(LT)           F(LT)             A(HT)            B(HT)            C(HT)           D(HT)             E(HT)            F(HT)      
 -------------------------------------------------------------------------------------------------------------------------------------------------------------------------------------------------------------------------------------------------------------------------------------------

    1. N2                       1.915940e+05     2.281754e+05     1.000000e+03     3.531005e+00    -1.236610e-04    -2.514997e-07     8.117687e-10    -3.522031e-13     2.967470e+00     2.952576e+00     1.396900e-03    -2.463158e-07     2.620034e-11    -1.151888e-15     5.871888e+00
    2. AR                       1.548353e+05     1.800003e+05     1.000000e+03     2.500000e+00     0.000000e+00     0.000000e+00     0.000000e+00     0.000000e+00     4.379675e+00     2.500000e+00     0.000000e+00     0.000000e+00     0.000000e+00     0.000000e+00     4.379675e+00
    3. O                        1.610485e+05     1.867864e+05     1.000000e+03     3.168267e+00    -3.279319e-03     3.321532e-06    -2.042689e-09     5.281649e-13     2.051933e+00     2.543637e+00    -2.731625e-05    -2.095148e-09     1.651606e-12    -1.198884e-16     4.922295e+00
    4. O2                       2.051335e+05     2.435864e+05     1.000000e+03     3.782456e+00    -2.996734e-03     4.923651e-06    -3.227098e-09     8.109321e-13     3.657676e+00     3.660961e+00     6.563655e-04    -7.057474e-08     6.859922e-12    -3.247831e-16     3.415362e+00
    5. H                        1.147067e+05     1.398717e+05     1.000000e+03     2.500000e+00     0.000000e+00     0.000000e+00     0.000000e+00     0.000000e+00    -4.466829e-01     2.500000e+00     0.000000e+00     0.000000e+00     0.000000e+00     0.000000e+00    -4.466829e-01
    6. H2                       1.306642e+05     1.662337e+05     1.000000e+03     2.344303e+00     7.980425e-03    -9.738958e-06     6.718989e-09    -1.844007e-12     6.830022e-01     2.932831e+00     8.265980e-04    -7.320028e-08     5.136617e-12    -1.721990e-16    -1.024316e+00
    7. OH                       1.836947e+05     2.197287e+05     1.000000e+03     4.125306e+00    -3.225449e-03     3.263823e-06    -1.932845e-09     5.155934e-13    -6.904330e-01     2.864729e+00     1.056504e-03    -1.295414e-07     1.017396e-11    -3.329897e-16     5.701641e+00
    8. HO2                      2.290868e+05     2.784795e+05     1.000000e+03     4.301788e+00    -4.749020e-03     1.057898e-05    -8.091987e-09     2.323017e-12     3.716701e+00     4.172266e+00     1.881210e-03    -1.731465e-07     6.489505e-12     4.402288e-17     2.957797e+00
    9. H2O                      1.888111e+05     2.327350e+05     1.000000e+03     4.198635e+00    -2.036402e-03     3.260171e-06    -1.829309e-09     4.429920e-13    -8.490090e-01     2.677039e+00     2.973182e-03    -3.868844e-07     3.147784e-11    -1.067250e-15     6.882550e+00
   10. H2O2                     2.345042e+05     2.973346e+05     1.000000e+03     4.276113e+00    -5.428224e-04     8.366785e-06    -7.192360e-09     2.156136e-12     3.435051e+00     4.573335e+00     4.049841e-03    -6.473974e-07     6.576057e-11    -2.835071e-15     7.042785e-01
   11. CO                       1.976416e+05     2.345446e+05     1.000000e+03     3.579534e+00    -6.103537e-04     5.084071e-07     3.023353e-10    -2.261061e-13     3.508409e+00     3.048486e+00     1.351728e-03    -2.428970e-07     2.628455e-11    -1.174519e-15     6.017098e+00
   12. CO2                      2.137675e+05     2.692860e+05     1.000000e+03     2.356813e+00     8.984130e-03    -3.561032e-06     8.191003e-10    -3.572137e-14     9.900904e+00     4.636511e+00     2.741457e-03    -4.979488e-07     5.346222e-11    -2.290496e-15    -1.934896e+00
   13. CH                       1.830217e+05     2.192747e+05     1.000000e+03     3.489817e+00     3.238355e-04    -8.444953e-07     1.054058e-09    -3.515227e-13     2.084011e+00     2.878465e+00     9.709137e-04     7.222283e-08    -4.356262e-11     4.401985e-15     5.484980e+00
   14. CH2                      1.944008e+05     2.416077e+05     1.000000e+03     3.762679e+00     9.688721e-04     1.397449e-06    -1.283637e-09     4.218543e-13     1.562532e+00     2.874101e+00     3.656393e-03    -7.044730e-07     8.672652e-11    -4.693189e-15     6.171193e+00
   15. CH2s                     1.892028e+05     2.348011e+05     1.000000e+03     4.198604e+00    -2.366614e-03     4.116481e-06    -2.229387e-09     4.857868e-13    -7.691190e-01     2.292038e+00     4.655886e-03    -1.005960e-06     1.393020e-10    -8.492909e-15     8.626502e+00
   16. CH3                      1.939881e+05     2.511186e+05     1.000000e+03     3.657180e+00     2.126598e-03     2.729194e-06    -2.206033e-09     6.164269e-13     1.673535e+00     2.978121e+00     5.797852e-03    -9.877900e-07     1.024326e-10    -4.479354e-15     4.722480e+00
   17. CH4                      1.863522e+05     2.482787e+05     1.000000e+03     5.149879e+00    -1.367101e-02     2.459007e-05    -1.615813e-08     4.167360e-12    -4.641324e+00     1.635426e+00     1.008443e-02    -1.684618e-06     1.783243e-10    -7.888204e-15     9.993695e+00
   18. CH2OH                    2.538270e+05     3.292931e+05     1.000000e+03     4.738646e+00     1.271325e-03     7.300283e-06    -6.122206e-09     1.769272e-12     2.652777e+00     4.723987e+00     6.508325e-03    -1.121203e-06     1.172476e-10    -5.160618e-15     1.473501e+00
   19. CH3OH                    2.406329e+05     3.177823e+05     1.000000e+03     5.658511e+00    -1.629834e-02     3.459691e-05    -2.527910e-08     7.010689e-12    -8.973305e-01     3.527268e+00     1.031788e-02    -1.814465e-06     1.924827e-10    -8.554566e-15     5.167587e+00
   20. HCO                      2.243170e+05     2.730937e+05     1.000000e+03     4.221186e+00    -3.243925e-03     6.889972e-06    -4.438136e-09     1.084422e-12     3.394372e+00     3.648962e+00     3.080908e-03    -5.621494e-07     6.210269e-11    -2.848796e-15     5.061474e+00
   21. C2H                      2.073534e+05     2.604762e+05     1.000000e+03     2.737704e+00     8.048446e-03    -4.622155e-06     2.175086e-09    -4.848950e-13     7.300220e+00     3.986367e+00     3.143123e-03    -6.336215e-07     9.747877e-11    -6.790800e-15     1.191063e+00
   22. C2H2                     2.008933e+05     2.689070e+05     1.000000e+03     8.086811e-01     2.336156e-02    -1.775859e-05     9.338415e-09    -2.125182e-12     1.393971e+01     4.147570e+00     5.961667e-03    -1.186474e-06     1.558041e-10    -9.030880e-15    -1.230281e+00
   23. C2H3                     2.339294e+05     3.089677e+05     1.000000e+03     3.001960e+00     3.030435e-03     1.222216e-05    -1.193675e-08     3.777175e-12     9.330450e+00     4.702531e+00     7.264228e-03    -1.290100e-06     1.377331e-10    -6.147873e-15    -1.429371e+00
   24. C2H4                     2.192999e+05     3.003156e+05     1.000000e+03     3.959201e+00    -7.570522e-03     2.854951e-05    -2.305296e-08     6.747109e-12     4.097331e+00     2.036111e+00     1.464542e-02    -3.355390e-06     4.907431e-10    -3.142652e-14     1.030537e+01
   25. C2H5                     2.470917e+05     3.402079e+05     1.000000e+03     4.306466e+00    -4.186589e-03     2.485714e-05    -1.997089e-08     5.762725e-12     4.707209e+00     1.954656e+00     1.739727e-02    -3.991033e-06     5.840590e-10    -3.741039e-14     1.346243e+01
   26. C2H6                     2.291936e+05     3.316049e+05     1.000000e+03     4.291425e+00    -5.501543e-03     2.997191e-05    -2.361554e-08     6.717144e-12     2.666823e+00     1.071881e+00     2.168527e-02    -5.012803e-06     7.380400e-10    -4.750072e-14     1.511561e+01
   27. HCCO                     2.452614e+05     3.172481e+05     1.000000e+03     2.335012e+00     1.701008e-02    -1.100943e-05     5.135482e-09    -1.086377e-12     1.197673e+01     5.846901e+00     3.640596e-03    -6.479503e-07     6.932306e-11    -3.100006e-15    -5.291653e+00
   28. HCCOH                    2.491118e+05     3.357347e+05     1.000000e+03     1.965417e+00     2.558520e-02    -1.938667e-05     1.052211e-08    -2.520418e-12     1.260275e+01     6.366026e+00     5.503873e-03    -9.425951e-07     9.815471e-11    -4.304650e-15    -8.250471e+00
   29. CH2CO                    2.418690e+05     3.242868e+05     1.000000e+03     2.140116e+00     1.808837e-02    -8.662108e-06     3.092249e-09    -4.978753e-13     1.219870e+01     5.757790e+00     6.349651e-03    -1.129220e-06     1.206949e-10    -5.392258e-15    -6.106404e+00
   30. CH3HCO                   2.639228e+05     3.631512e+05     1.000000e+03     4.729459e+00    -3.193286e-03     2.376746e-05    -1.915287e-08     5.482778e-12     4.103016e+00     5.404111e+00     1.172306e-02    -2.113157e-06     2.279082e-10    -1.024622e-14    -3.480792e+00
   31. C3H2                     2.711934e+05     3.586295e+05     1.000000e+03     3.166714e+00     2.482572e-02    -2.295818e-05     1.422673e-08    -3.705380e-12     8.869446e+00     7.670981e+00     2.748749e-03    -2.185471e-07    -2.151866e-11     4.159718e-15    -1.236890e+01
   32. H2CCCH                   2.566245e+05     3.589264e+05     1.000000e+03     1.351109e+00     3.274112e-02    -2.369136e-05     1.254366e-08    -2.963523e-12     1.520589e+01     7.142219e+00     7.619020e-03    -1.337300e-06     1.416383e-10    -6.286885e-15    -1.258484e+01
   33. C3H4                     2.434002e+05     3.491601e+05     1.000000e+03     2.613044e+00     1.212258e-02     9.269940e-06    -1.150838e-08     3.833770e-12     1.022614e+01     6.316872e+00     1.113373e-02    -1.981469e-06     2.118808e-10    -9.468885e-15    -1.099577e+01
   34. C3H4P                    2.464222e+05     3.512647e+05     1.400000e+03     3.029730e+00     1.498961e-02    -6.992500e-07    -1.323206e-09     3.470543e-13     8.004594e+00     9.768102e+00     5.219151e-03    -1.876570e-07    -9.973970e-11     1.276970e-14    -3.020678e+01
   35. CH2CHCH2                 2.708741e+05     3.936610e+05     1.000000e+03     2.276486e+00     1.985564e-02     5.619210e-07    -3.381920e-09     8.603355e-13     1.372515e+01     9.651539e+00     8.075596e-03    -3.982712e-07    -1.550232e-10     2.150820e-14    -2.686774e+01
   36. H2CCCCH                  3.052157e+05     4.339890e+05     1.000000e+03     6.545799e+00     1.242477e-02     2.801613e-07    -1.877047e-09     4.163045e-13    -4.264082e+00     1.131409e+01     5.014414e-03    -2.675223e-07    -9.417697e-11     1.350820e-14    -3.062434e+01
   37. CH2CHCCH                 2.817379e+05     4.087011e+05     1.000000e+03     3.233893e+00     1.865634e-02     6.351600e-07    -3.136699e-09     7.390278e-13     9.922676e+00     1.069777e+01     6.982014e-03    -3.283874e-07    -1.294839e-10     1.800236e-14    -3.128430e+01
   38. CH2CHCHCH                3.057313e+05     4.525495e+05     1.000000e+03     2.995240e+00     2.288456e-02     9.877355e-07    -3.827483e-09     7.994560e-13     1.289454e+01     1.286597e+01     7.943369e-03    -4.313233e-07    -1.551878e-10     2.237783e-14    -4.182502e+01
   39. CH2CHCCH2                3.151389e+05     4.576915e+05     1.000000e+03     3.879443e+00     1.997664e-02     9.363885e-07    -3.102318e-09     5.965290e-13     9.842152e+00     1.199776e+01     7.990580e-03    -4.049087e-07    -1.522911e-10     2.159227e-14    -3.528495e+01
   40. CH2CHCHCH2               2.782590e+05     4.300984e+05     1.000000e+03    -2.530900e+00     5.387969e-02    -2.586967e-05     8.369067e-09    -1.081181e-12     3.391388e+01     7.130943e+00     2.064008e-02    -4.661953e-06     7.157690e-10    -5.153402e-14    -1.417222e+01
   41. CH3CCCH2                 3.362231e+05     4.761470e+05     1.000000e+03     5.068450e+00     1.571747e-02     1.484487e-06    -1.663529e-09    -7.460560e-14     6.791893e+00     1.156506e+01     8.030297e-03    -3.824725e-07    -1.492178e-10     2.078315e-14    -3.014066e+01
   42. CH2O                     2.187451e+05     2.753818e+05     1.000000e+03     4.793704e+00    -9.908152e-03     1.866073e-05    -1.264263e-08     3.294254e-12     6.028870e-01     3.169481e+00     6.193274e-03    -1.125299e-06     1.219942e-10    -5.503853e-15     6.042353e+00
   43. C5H5                     2.794445e+05     4.369384e+05     1.000000e+03    -9.590285e-01     3.139678e-02     1.336203e-05    -2.298073e-08     8.325496e-12     2.907278e+01     1.084407e+01     1.539283e-02    -2.781521e-06     3.006315e-10    -1.353915e-14    -3.525498e+01
   44. C5H6                     2.741144e+05     4.368344e+05     1.000000e+03     8.610896e-01     1.480403e-02     3.605445e-05    -3.779352e-08     1.217249e-11     2.135345e+01     9.975785e+00     1.890554e-02    -3.420573e-06     3.699780e-10    -1.667006e-14    -3.220945e+01
   45. A1-                      2.860314e+05     4.493001e+05     1.000000e+03     2.103066e-01     2.047455e-02     2.948715e-05    -3.384475e-08     1.117764e-11     2.529105e+01     1.084448e+01     1.732125e-02    -3.146166e-06     3.412332e-10    -1.540542e-14    -3.537351e+01
   46. A1                       2.694667e+05     4.467511e+05     1.000000e+03    -4.899868e+00     5.980693e-02    -1.835504e-05     1.091347e-09     9.400222e-13     4.409564e+01     1.724699e+01     3.842016e-03     4.138812e-06    -1.632037e-09     1.901614e-13    -7.194518e+01
   47. C6H5CH2                  3.210760e+05     5.405566e+05     1.000000e+03     4.811154e-01     3.851283e-02     1.643075e-05    -2.565757e-08     8.855767e-12     2.354882e+01     1.404398e+01     2.349387e-02    -4.268768e-06     4.630280e-10    -2.090360e-14    -5.166559e+01
   48. C6H5CH3                  3.270909e+05     5.462951e+05     1.000000e+03    -4.078000e+00     6.850000e-02    -2.500000e-05     6.666667e-09    -5.000000e-13     4.420737e+01    -4.078000e+00     6.850000e-02    -2.500000e-05     6.666667e-09    -5.000000e-13     4.420737e+01
   49. C6H5O                    3.118204e+05     5.037897e+05     1.000000e+03    -4.662045e-01     4.134440e-02     6.620650e-06    -1.909576e-08     7.244093e-12     2.769903e+01     1.372217e+01     1.746888e-02    -3.177523e-06     3.449744e-10    -1.558526e-14    -4.881817e+01
   50. C6H5OH                   3.148096e+05     5.209689e+05     1.000000e+03    -1.695654e+00     5.227130e-02    -3.601203e-06    -1.195320e-08     5.112268e-12     3.254216e+01     1.491207e+01     1.837814e-02    -3.099156e-06     3.066107e-10    -1.230239e-14    -5.592410e+01
   51. C6H5C3H2                 3.636455e+05     6.221450e+05     1.000000e+03    -4.000808e+00     8.272147e-02    -3.234738e-05     8.606203e-09    -1.048419e-12     4.453158e+01     2.141012e+01     2.155760e-02    -3.797530e-06     4.009587e-10    -1.769172e-14    -9.132373e+01
   52. P2-                      4.045790e+05     7.331815e+05     1.000000e+03    -1.185110e+01     1.354516e-01    -6.655469e-05     2.458997e-08    -4.548251e-12     8.110736e+01     4.471185e+01    -2.285182e-02     1.955106e-05    -5.784033e-09     6.144844e-13    -2.122069e+02
   53. P2                       3.922690e+05     7.329582e+05     1.000000e+03    -1.028323e+01     1.242871e-01    -4.799513e-05     1.076493e-08    -5.761307e-13     7.270795e+01     5.076187e+01    -3.450156e-02     2.514671e-05    -7.186526e-09     7.524298e-13    -2.467071e+02
   54. A1C2H                    3.278580e+05     5.561112e+05     1.000000e+03    -8.723472e-01     5.183961e-02     3.303987e-06    -1.865032e-08     7.321187e-12     2.909630e+01     1.563809e+01     2.206843e-02    -4.012656e-06     4.355004e-10    -1.966982e-14    -5.961087e+01
   55. A1C2HP2                  3.535657e+05     6.316223e+05     1.000000e+03    -7.557036e+00     1.215959e-01    -7.569424e-05     3.429163e-08    -7.237728e-12     5.521329e+01     3.976678e+01    -2.493980e-02     1.710509e-05    -4.824419e-09     5.026006e-13    -1.865763e+02
   56. A2-1                     3.478149e+05     6.156985e+05     1.000000e+03    -8.528729e+00     1.033460e-01    -4.596135e-05     1.438248e-08    -2.143453e-12     6.334222e+01     3.838090e+01    -2.315745e-02     1.773964e-05    -5.131819e-09     5.402267e-13    -1.810651e+02
   57. A2                       3.357950e+05     6.169753e+05     1.000000e+03    -9.450504e+00     1.113785e-01    -5.172833e-05     1.760013e-08    -2.951110e-12     6.518767e+01     3.646864e+01    -1.541951e-02     1.508002e-05    -4.566707e-09     4.895683e-13    -1.732949e+02
   58. A2C2HA                   3.816219e+05     7.133989e+05     1.000000e+03    -1.153045e+01     1.474143e-01    -8.651172e-05     3.833463e-08    -8.177296e-12     7.439175e+01     4.945367e+01    -3.385711e-02     2.325280e-05    -6.560398e-09     6.835192e-13    -2.393310e+02
   59. A2C2HP2                  4.295605e+05     8.167393e+05     1.000000e+03    -6.302901e+00     1.374569e-01    -6.527740e-05     2.024355e-08    -2.544586e-12     5.189155e+01     2.367106e+01     4.213705e-02    -8.798322e-06     1.036042e-09    -4.201304e-14    -9.961545e+01
   60. A2R5                     3.612537e+05     6.824802e+05     1.000000e+03    -9.701161e+00     1.201945e-01    -4.945385e-05     1.241363e-08    -1.028114e-12     6.697060e+01     4.588370e+01    -2.722690e-02     2.078467e-05    -6.015698e-09     6.337849e-13    -2.230458e+02
   61. A2R5-                    3.747920e+05     6.890585e+05     1.000000e+03    -7.338027e+00     1.119658e-01    -4.664147e-05     1.195545e-08    -1.066506e-12     5.735071e+01     1.195343e+01     5.238607e-02    -1.384763e-05     2.328613e-09    -1.712346e-13    -4.039249e+01
   62. IND                      3.427770e+05     6.053782e+05     1.000000e+03    -2.669873e+00     6.217722e-02     7.533509e-06    -2.654857e-08     1.022974e-11     3.786119e+01     1.855496e+01     2.503508e-02    -4.572875e-06     4.978279e-10    -2.253326e-14    -7.630035e+01
   63. A3-4                     4.060578e+05     7.782869e+05     1.000000e+03    -1.126662e+01     1.421685e-01    -6.316339e-05     1.944960e-08    -2.796071e-12     7.577478e+01     5.578888e+01    -3.793062e-02     2.676404e-05    -7.610263e-09     7.960308e-13    -2.737888e+02
   64. A3                       4.005825e+05     7.853231e+05     1.000000e+03    -1.227523e+01     1.503226e-01    -6.931401e-05     2.312559e-08    -3.776361e-12     7.888914e+01     5.591647e+01    -3.525320e-02     2.626146e-05    -7.557545e-09     7.942646e-13    -2.760498e+02
   65. A3C2H                    4.404871e+05     8.765206e+05     1.000000e+03    -1.160267e+01     1.682439e-01    -8.216015e-05     2.879813e-08    -4.827642e-12     7.551537e+01     5.216515e+01    -1.319732e-02     1.717653e-05    -5.427964e-09     5.919340e-13    -2.540665e+02
   66. A4-                      4.165394e+05     8.257283e+05     1.000000e+03    -9.625859e+00     1.338531e-01    -3.880039e-05    -1.211018e-09     3.463917e-12     6.849972e+01     2.208882e+01     5.335541e-02    -1.116497e-05     1.315987e-09    -5.328294e-14    -9.672493e+01
   67. A4                       4.007717e+05     8.261624e+05     1.000000e+03    -1.375925e+01     1.677229e-01    -7.750060e-05     2.525318e-08    -3.918511e-12     8.285303e+01     5.801727e+01    -2.916499e-02     2.436419e-05    -7.197894e-09     7.652447e-13    -2.901716e+02
   68. BINi-01                  5.751613e+05     1.185654e+06     1.000000e+03    -1.974637e+01     2.407050e-01    -1.112238e-04     3.624171e-08    -5.623591e-12     1.189052e+02     8.326260e+01    -4.185569e-02     3.496589e-05    -1.032995e-08     1.098229e-12    -4.164354e+02
   69. BINi-02                  1.146360e+06     2.363139e+06     1.000000e+03    -3.935669e+01     4.797515e-01    -2.216812e-04     7.223372e-08    -1.120843e-11     2.369912e+02     1.659515e+02    -8.342298e-02     6.969087e-05    -2.058872e-08     2.188891e-12    -8.300014e+02
   70. BINi-03                  2.288756e+06     4.718109e+06     1.000000e+03    -7.857733e+01     9.578445e-01    -4.425961e-04     1.442177e-07    -2.237812e-11     4.731631e+02     3.313293e+02    -1.665576e-01     1.391408e-04    -4.110626e-08     4.370215e-12    -1.657133e+03
   71. BINi-04                  4.573550e+06     9.428049e+06     1.000000e+03    -1.570186e+02     1.914030e+00    -8.844259e-04     2.881857e-07    -4.471750e-11     9.455070e+02     6.620849e+02    -3.328267e-01     2.780407e-04    -8.214135e-08     8.732864e-12    -3.311398e+03
   72. BINi-05                  9.143137e+06     1.884793e+07     1.000000e+03    -3.139011e+02     3.826402e+00    -1.768086e-03     5.761217e-07    -8.939624e-11     1.890195e+03     1.323596e+03    -6.653651e-01     5.558405e-04    -1.642115e-07     1.745816e-11    -6.619926e+03
   73. BINi-06                  1.828231e+07     3.768769e+07     1.000000e+03    -6.276662e+02     7.651146e+00    -3.535405e-03     1.151994e-06    -1.787537e-10     3.779570e+03     2.646619e+03    -1.330442e+00     1.111440e-03    -3.283519e-07     3.490875e-11    -1.323698e+04
   74. BINi-07                  3.839325e+07     7.914497e+07     1.000000e+03    -1.318113e+03     1.606757e+01    -7.424427e-03     2.419212e-06    -3.753868e-10     7.937180e+03     5.557957e+03    -2.793957e+00     2.334048e-03    -6.895461e-07     7.330915e-11    -2.779795e+04
   75. BINi-08                  8.444612e+07     1.740797e+08     1.000000e+03    -2.899195e+03     3.534070e+01    -1.633006e-02     5.321067e-06    -8.256648e-10     1.745786e+04     1.222475e+04    -6.145320e+00     5.133749e-03    -1.516660e-06     1.612438e-10    -6.114171e+04
   76. BINi-09                  1.942352e+08     4.004021e+08     1.000000e+03    -6.668461e+03     8.128743e+01    -3.756090e-02     1.223903e-05    -1.899118e-09     4.015497e+04     2.811825e+04    -1.413490e+01     1.180818e-02    -3.488481e-06     3.708781e-10    -1.406326e+05
   77. BINi-10                  4.661494e+08     9.609340e+08     1.000000e+03    -1.600379e+04     1.950835e+02    -9.014325e-02     2.937272e-05    -4.557736e-09     9.636881e+04     6.748161e+04    -3.392266e+01     2.833871e-02    -8.372084e-06     8.900787e-10    -3.375072e+05
   78. BINi-11                  1.165368e+09     2.402323e+09     1.000000e+03    -4.000927e+04     4.877063e+02    -2.253570e-01     7.343143e-05    -1.139428e-08     2.409208e+05     1.687032e+05    -8.480622e+01     7.084642e-02    -2.093010e-05     2.225185e-09    -8.437637e+05
   79. BINi-12                  3.029926e+09     6.245977e+09     1.000000e+03    -1.040231e+05     1.268024e+03    -5.859223e-01     1.909198e-04    -2.962484e-08     6.263878e+05     4.386238e+05    -2.204940e+02     1.841989e-01    -5.441772e-05     5.785425e-09    -2.193764e+06
   80. BINi-13                  8.180802e+09     1.686414e+10     1.000000e+03    -2.808624e+05     3.423665e+03    -1.581991e+00     5.154837e-04    -7.998710e-08     1.691248e+06     1.184285e+06    -5.953340e+02     4.973371e-01    -1.469279e-04     1.562065e-08    -5.923164e+06
   81. BINi-14                  2.290620e+10     4.721951e+10     1.000000e+03    -7.864131e+05     9.586244e+03    -4.429565e+00     1.443352e-03    -2.239634e-07     4.735484e+06     3.315991e+06    -1.666932e+03     1.392541e+00    -4.113973e-04     4.373774e-08    -1.658483e+07
   82. BINi-15                  6.642799e+10     1.369366e+11     1.000000e+03    -2.280598e+06     2.780011e+04    -1.284574e+01     4.185720e-03    -6.494941e-07     1.373291e+07     9.616375e+06    -4.834103e+03     4.038370e+00    -1.193052e-03     1.268395e-07    -4.809601e+07
   83. BINi-16                  1.992840e+11     4.108098e+11     1.000000e+03    -6.841796e+06     8.340034e+04    -3.853723e+01     1.255716e-02    -1.948482e-06     4.119872e+07     2.884913e+07    -1.450231e+04     1.211511e+01    -3.579158e-03     3.805184e-07    -1.442880e+08
   84. BINi-17                  6.177804e+11     1.273510e+12     1.000000e+03    -2.120957e+07     2.585411e+05    -1.194654e+02     3.892720e-02    -6.040295e-06     1.277160e+08     8.943229e+07    -4.495716e+04     3.755684e+01    -1.109539e-02     1.179607e-06    -4.472929e+08
   85. BINi-18                  1.976897e+12     4.075233e+12     1.000000e+03    -6.787061e+07     8.273314e+05    -3.822893e+02     1.245670e-01    -1.932894e-05     4.086913e+08     2.861833e+08    -1.438629e+05     1.201819e+02    -3.550524e-02     3.774742e-06    -1.431337e+09
   86. BINi-19                  6.523761e+12     1.344827e+13     1.000000e+03    -2.239730e+08     2.730193e+06    -1.261555e+03     4.110712e-01    -6.378551e-05     1.348681e+09     9.444050e+08    -4.747476e+05     3.966002e+02    -1.171673e-01     1.245665e-05    -4.723413e+09
   87. BINi-20                  2.218079e+13     4.572412e+13     1.000000e+03    -7.615082e+08     9.282658e+06    -4.289286e+03     1.397642e+00    -2.168707e-04     4.585516e+09     3.210977e+09    -1.614142e+06     1.348441e+03    -3.983688e-01     4.235261e-05    -1.605960e+10
   88. BINj-01                  5.731799e+05     1.181570e+06     1.000000e+03    -1.967835e+01     2.398757e-01    -1.108406e-04     3.611686e-08    -5.604217e-12     1.184956e+02     8.297575e+01    -4.171149e-02     3.484543e-05    -1.029436e-08     1.094446e-12    -4.150007e+02
   89. BINj-02                  1.144378e+06     2.359055e+06     1.000000e+03    -3.928866e+01     4.789222e-01    -2.212981e-04     7.210886e-08    -1.118906e-11     2.365816e+02     1.656646e+02    -8.327878e-02     6.957041e-05    -2.055313e-08     2.185108e-12    -8.285667e+02
   90. BINj-03                  2.286775e+06     4.714024e+06     1.000000e+03    -7.850930e+01     9.570152e-01    -4.422130e-04     1.440929e-07    -2.235875e-11     4.727535e+02     3.310425e+02    -1.664134e-01     1.390204e-04    -4.107067e-08     4.366432e-12    -1.655699e+03
   91. BINj-04                  4.571568e+06     9.423964e+06     1.000000e+03    -1.569506e+02     1.913201e+00    -8.840428e-04     2.880609e-07    -4.469812e-11     9.450974e+02     6.617981e+02    -3.326825e-01     2.779202e-04    -8.210576e-08     8.729080e-12    -3.309963e+03
   92. BINj-05                  9.141155e+06     1.884384e+07     1.000000e+03    -3.138331e+02     3.825573e+00    -1.767702e-03     5.759969e-07    -8.937687e-11     1.889785e+03     1.323309e+03    -6.652209e-01     5.557200e-04    -1.641759e-07     1.745438e-11    -6.618491e+03
   93. BINj-06                  1.828033e+07     3.768360e+07     1.000000e+03    -6.275982e+02     7.650317e+00    -3.535021e-03     1.151869e-06    -1.787344e-10     3.779161e+03     2.646332e+03    -1.330298e+00     1.111320e-03    -3.283163e-07     3.490497e-11    -1.323555e+04
   94. BINj-07                  3.839127e+07     7.914088e+07     1.000000e+03    -1.318045e+03     1.606675e+01    -7.424044e-03     2.419087e-06    -3.753674e-10     7.936771e+03     5.557670e+03    -2.793813e+00     2.333928e-03    -6.895105e-07     7.330536e-11    -2.779652e+04
   95. BINj-08                  8.444414e+07     1.740756e+08     1.000000e+03    -2.899127e+03     3.533987e+01    -1.632968e-02     5.320943e-06    -8.256454e-10     1.745745e+04     1.222446e+04    -6.145175e+00     5.133629e-03    -1.516624e-06     1.612400e-10    -6.114028e+04
   96. BINj-09                  1.942332e+08     4.003980e+08     1.000000e+03    -6.668393e+03     8.128660e+01    -3.756052e-02     1.223891e-05    -1.899099e-09     4.015456e+04     2.811796e+04    -1.413476e+01     1.180806e-02    -3.488445e-06     3.708743e-10    -1.406311e+05
   97. BINj-10                  4.661475e+08     9.609299e+08     1.000000e+03    -1.600372e+04     1.950827e+02    -9.014287e-02     2.937260e-05    -4.557717e-09     9.636840e+04     6.748132e+04    -3.392252e+01     2.833859e-02    -8.372048e-06     8.900749e-10    -3.375058e+05
   98. BINj-11                  1.165366e+09     2.402319e+09     1.000000e+03    -4.000920e+04     4.877055e+02    -2.253566e-01     7.343131e-05    -1.139426e-08     2.409204e+05     1.687029e+05    -8.480608e+01     7.084630e-02    -2.093007e-05     2.225182e-09    -8.437623e+05
   99. BINj-12                  3.029924e+09     6.245973e+09     1.000000e+03    -1.040230e+05     1.268023e+03    -5.859219e-01     1.909197e-04    -2.962482e-08     6.263874e+05     4.386236e+05    -2.204938e+02     1.841987e-01    -5.441769e-05     5.785421e-09    -2.193762e+06
  100. BINj-13                  8.180800e+09     1.686414e+10     1.000000e+03    -2.808623e+05     3.423665e+03    -1.581990e+00     5.154836e-04    -7.998708e-08     1.691247e+06     1.184285e+06    -5.953338e+02     4.973370e-01    -1.469279e-04     1.562065e-08    -5.923163e+06
  101. BINj-14                  2.290620e+10     4.721950e+10     1.000000e+03    -7.864130e+05     9.586243e+03    -4.429565e+00     1.443351e-03    -2.239634e-07     4.735484e+06     3.315991e+06    -1.666932e+03     1.392541e+00    -4.113973e-04     4.373773e-08    -1.658483e+07
  102. BINj-15                  6.642799e+10     1.369366e+11     1.000000e+03    -2.280598e+06     2.780011e+04    -1.284574e+01     4.185720e-03    -6.494940e-07     1.373291e+07     9.616375e+06    -4.834103e+03     4.038370e+00    -1.193052e-03     1.268395e-07    -4.809601e+07
  103. BINj-16                  1.992840e+11     4.108098e+11     1.000000e+03    -6.841796e+06     8.340034e+04    -3.853723e+01     1.255716e-02    -1.948482e-06     4.119872e+07     2.884913e+07    -1.450231e+04     1.211511e+01    -3.579158e-03     3.805184e-07    -1.442880e+08
  104. BINj-17                  6.177804e+11     1.273510e+12     1.000000e+03    -2.120957e+07     2.585411e+05    -1.194654e+02     3.892720e-02    -6.040295e-06     1.277160e+08     8.943229e+07    -4.495716e+04     3.755684e+01    -1.109539e-02     1.179607e-06    -4.472929e+08
  105. BINj-18                  1.976897e+12     4.075233e+12     1.000000e+03    -6.787061e+07     8.273314e+05    -3.822893e+02     1.245670e-01    -1.932894e-05     4.086913e+08     2.861833e+08    -1.438629e+05     1.201819e+02    -3.550524e-02     3.774742e-06    -1.431337e+09
  106. BINj-19                  6.523761e+12     1.344827e+13     1.000000e+03    -2.239730e+08     2.730193e+06    -1.261555e+03     4.110712e-01    -6.378551e-05     1.348681e+09     9.444050e+08    -4.747476e+05     3.966002e+02    -1.171673e-01     1.245665e-05    -4.723413e+09
  107. BINj-20                  2.218079e+13     4.572412e+13     1.000000e+03    -7.615082e+08     9.282658e+06    -4.289286e+03     1.397642e+00    -2.168707e-04     4.585516e+09     3.210977e+09    -1.614142e+06     1.348441e+03    -3.983688e-01     4.235261e-05    -1.605960e+10

 -------------------------------------------------------------------------------------------------------------------------------------------------------------------------------------------------------------------------------------------------------------------------------------------


